Component: Arm Compiler for Embedded 6.21 Tool: armlink [5ec1fa00]

==============================================================================

Section Cross References

    startup.o(STACK) refers (Special) to heapauxi.o(.text) for __use_two_region_memory
    startup.o(HEAP) refers (Special) to heapauxi.o(.text) for __use_two_region_memory
    startup.o(RESET) refers (Special) to heapauxi.o(.text) for __use_two_region_memory
    startup.o(RESET) refers to startup.o(STACK) for StackMem
    startup.o(RESET) refers to uart.o(.text.UART0_Handler) for UART0_Handler
    startup.o(RESET) refers to buttonled.o(.text.GPIOPortF_Handler) for GPIOPortF_Handler
    startup.o(RESET) refers to __main.o(!!!main) for __main
    startup.o(.text) refers (Special) to heapauxi.o(.text) for __use_two_region_memory
    startup.o(.text) refers to startup.o(HEAP) for HeapMem
    startup.o(.text) refers to startup.o(STACK) for StackMem
    buttonled.o(.ARM.exidx.text.LED_Init) refers to buttonled.o(.text.LED_Init) for [Anonymous Symbol]
    buttonled.o(.ARM.exidx.text.BTN_Init) refers to buttonled.o(.text.BTN_Init) for [Anonymous Symbol]
    buttonled.o(.text.GPIOPortF_Handler) refers to buttonled.o(.bss.ledState) for ledState
    buttonled.o(.ARM.exidx.text.GPIOPortF_Handler) refers to buttonled.o(.text.GPIOPortF_Handler) for [Anonymous Symbol]
    wtimer.o(.ARM.exidx.text.WTIMER_Init) refers to wtimer.o(.text.WTIMER_Init) for [Anonymous Symbol]
    wtimer.o(.ARM.exidx.text.DELAY_1MS) refers to wtimer.o(.text.DELAY_1MS) for [Anonymous Symbol]
    moduletest.o(.text.main) refers to moduletest.o(.text.System_Init) for System_Init
    moduletest.o(.text.main) refers to moduletest.o(.text.Module_6_Test) for Module_6_Test
    moduletest.o(.text.main) refers to wtimer.o(.text.DELAY_1MS) for DELAY_1MS
    moduletest.o(.ARM.exidx.text.main) refers to moduletest.o(.text.main) for [Anonymous Symbol]
    moduletest.o(.text.System_Init) refers to pll.o(.text.PLL_Init) for PLL_Init
    moduletest.o(.text.System_Init) refers to uart.o(.text.UART_Init) for UART_Init
    moduletest.o(.text.System_Init) refers to i2c.o(.text.I2C_Init) for I2C_Init
    moduletest.o(.text.System_Init) refers to wtimer.o(.text.WTIMER_Init) for WTIMER_Init
    moduletest.o(.text.System_Init) refers to mpu6050.o(.text.MPU6050_Init) for MPU6050_Init
    moduletest.o(.ARM.exidx.text.System_Init) refers to moduletest.o(.text.System_Init) for [Anonymous Symbol]
    moduletest.o(.text.Module_6_Test) refers to mpu6050.o(.text.MPU6050_Get_Accel) for MPU6050_Get_Accel
    moduletest.o(.text.Module_6_Test) refers to mpu6050.o(.text.MPU6050_Get_Gyro) for MPU6050_Get_Gyro
    moduletest.o(.text.Module_6_Test) refers to mpu6050.o(.text.MPU6050_Process_Accel) for MPU6050_Process_Accel
    moduletest.o(.text.Module_6_Test) refers to mpu6050.o(.text.MPU6050_Process_Gyro) for MPU6050_Process_Gyro
    moduletest.o(.text.Module_6_Test) refers to mpu6050.o(.text.MPU6050_Get_Angle) for MPU6050_Get_Angle
    moduletest.o(.text.Module_6_Test) refers to moduletest.o(.rodata.str1.1) for .L.str
    moduletest.o(.text.Module_6_Test) refers to uart.o(.text.UART_OutString) for UART_OutString
    moduletest.o(.text.Module_6_Test) refers to moduletest.o(.text.UART_OutSDec) for UART_OutSDec
    moduletest.o(.text.Module_6_Test) refers to fmul.o(x$fpl$fmul) for __aeabi_fmul
    moduletest.o(.text.Module_6_Test) refers to ffix.o(x$fpl$ffix) for __aeabi_f2iz
    moduletest.o(.ARM.exidx.text.Module_6_Test) refers to moduletest.o(.text.Module_6_Test) for [Anonymous Symbol]
    moduletest.o(.text.UART_OutSDec) refers to uart.o(.text.UART_OutChar) for UART_OutChar
    moduletest.o(.text.UART_OutSDec) refers to uart.o(.text.UART_OutUDec) for UART_OutUDec
    moduletest.o(.ARM.exidx.text.UART_OutSDec) refers to moduletest.o(.text.UART_OutSDec) for [Anonymous Symbol]
    moduletest.o(.ARM.exidx.text.Delay) refers to moduletest.o(.text.Delay) for [Anonymous Symbol]
    pll.o(.ARM.exidx.text.PLL_Init) refers to pll.o(.text.PLL_Init) for [Anonymous Symbol]
    uart.o(.ARM.exidx.text.rb_Init) refers to uart.o(.text.rb_Init) for [Anonymous Symbol]
    uart.o(.ARM.exidx.text.rb_empty) refers to uart.o(.text.rb_empty) for [Anonymous Symbol]
    uart.o(.ARM.exidx.text.rb_full) refers to uart.o(.text.rb_full) for [Anonymous Symbol]
    uart.o(.ARM.exidx.text.rb_put) refers to uart.o(.text.rb_put) for [Anonymous Symbol]
    uart.o(.text.rb_get) refers to uart.o(.text.rb_empty) for rb_empty
    uart.o(.ARM.exidx.text.rb_get) refers to uart.o(.text.rb_get) for [Anonymous Symbol]
    uart.o(.text.UART_Available) refers to uart.o(.bss.RxRB) for RxRB
    uart.o(.text.UART_Available) refers to uart.o(.text.rb_empty) for rb_empty
    uart.o(.ARM.exidx.text.UART_Available) refers to uart.o(.text.UART_Available) for [Anonymous Symbol]
    uart.o(.text.UART_Init) refers to uart.o(.bss.RxRB) for RxRB
[...]
    __rtentry2.o(.ARM.Collect$$rtentry$$0000000B) refers to boardinit3.o(.text) for _platform_post_lib_init
    __rtentry2.o(.ARM.Collect$$rtentry$$0000000D) refers to moduletest.o(.text.main) for main
    __rtentry2.o(.ARM.Collect$$rtentry$$0000000D) refers to exit.o(.text) for exit
    __rtentry2.o(.ARM.exidx) refers to __rtentry2.o(.ARM.Collect$$rtentry$$00000001) for .ARM.Collect$$rtentry$$00000001
    __rtentry2.o(.ARM.exidx) refers to __rtentry2.o(.ARM.Collect$$rtentry$$00000008) for .ARM.Collect$$rtentry$$00000008
    __rtentry2.o(.ARM.exidx) refers to __rtentry2.o(.ARM.Collect$$rtentry$$0000000A) for .ARM.Collect$$rtentry$$0000000A
    __rtentry2.o(.ARM.exidx) refers to __rtentry2.o(.ARM.Collect$$rtentry$$0000000B) for .ARM.Collect$$rtentry$$0000000B
    __rtentry2.o(.ARM.exidx) refers to __rtentry2.o(.ARM.Collect$$rtentry$$0000000D) for .ARM.Collect$$rtentry$$0000000D
    __rtentry4.o(.ARM.Collect$$rtentry$$00000004) refers to sys_stackheap_outer.o(.text) for __user_setup_stackheap
    __rtentry4.o(.ARM.exidx) refers to __rtentry4.o(.ARM.Collect$$rtentry$$00000004) for .ARM.Collect$$rtentry$$00000004
    rt_errno_addr.o(.text) refers to rt_errno_addr.o(.bss) for __aeabi_errno_addr_data
    rt_errno_addr_intlibspace.o(.text) refers to libspace.o(.bss) for __libspace_start
    dcmpi.o(x$fpl$dcmpinf) refers (Special) to usenofp.o(x$fpl$usenofp) for __I$use$fp
    scalbn.o(x$fpl$scalbn) refers (Special) to usenofp.o(x$fpl$usenofp) for __I$use$fp
    scalbn.o(x$fpl$scalbn) refers to dcheck1.o(x$fpl$dcheck1) for __fpl_dcheck_NaN1
    fpclassify.o(i.__ARM_fpclassify) refers (Special) to usenofp.o(x$fpl$usenofp) for __I$use$fp
    poly.o(i.__kernel_poly) refers (Special) to usenofp.o(x$fpl$usenofp) for __I$use$fp
    poly.o(i.__kernel_poly) refers to dmul.o(x$fpl$dmul) for __aeabi_dmul
    poly.o(i.__kernel_poly) refers to daddsub_clz.o(x$fpl$dadd) for __aeabi_dadd
    libspace.o(.text) refers to libspace.o(.bss) for __libspace_start
    sys_stackheap_outer.o(.text) refers to libspace.o(.text) for __user_perproc_libspace
    sys_stackheap_outer.o(.text) refers to startup.o(.text) for __user_initial_stackheap
    exit.o(.text) refers to rtexit.o(.ARM.Collect$$rtexit$$00000000) for __rt_exit
    libinit.o(.ARM.Collect$$libinit$$00000000) refers (Special) to libinit2.o(.ARM.Collect$$libinit$$00000030) for __rt_lib_init_alloca_1
    libinit.o(.ARM.Collect$$libinit$$00000000) refers (Special) to libinit2.o(.ARM.Collect$$libinit$$0000002E) for __rt_lib_init_argv_1
    libinit.o(.ARM.Collect$$libinit$$00000000) refers (Special) to libinit2.o(.ARM.Collect$$libinit$$0000001D) for __rt_lib_init_atexit_1
    libinit.o(.ARM.Collect$$libinit$$00000000) refers (Special) to libinit2.o(.ARM.Collect$$libinit$$00000023) for __rt_lib_init_clock_1
    libinit.o(.ARM.Collect$$libinit$$00000000) refers (Special) to libinit2.o(.ARM.Collect$$libinit$$00000034) for __rt_lib_init_cpp_1
    libinit.o(.ARM.Collect$$libinit$$00000000) refers (Special) to libinit2.o(.ARM.Collect$$libinit$$00000032) for __rt_lib_init_exceptions_1
    libinit.o(.ARM.Collect$$libinit$$00000000) refers (Special) to libinit2.o(.ARM.Collect$$libinit$$00000002) for __rt_lib_init_fp_1
    libinit.o(.ARM.Collect$$libinit$$00000000) refers (Special) to libinit2.o(.ARM.Collect$$libinit$$00000021) for __rt_lib_init_fp_trap_1
    libinit.o(.ARM.Collect$$libinit$$00000000) refers (Special) to libinit2.o(.ARM.Collect$$libinit$$00000025) for __rt_lib_init_getenv_1
    libinit.o(.ARM.Collect$$libinit$$00000000) refers (Special) to libinit2.o(.ARM.Collect$$libinit$$0000000C) for __rt_lib_init_heap_1
    libinit.o(.ARM.Collect$$libinit$$00000000) refers (Special) to libinit2.o(.ARM.Collect$$libinit$$00000013) for __rt_lib_init_lc_collate_1
    libinit.o(.ARM.Collect$$libinit$$00000000) refers (Special) to libinit2.o(.ARM.Collect$$libinit$$00000015) for __rt_lib_init_lc_ctype_1
    libinit.o(.ARM.Collect$$libinit$$00000000) refers (Special) to libinit2.o(.ARM.Collect$$libinit$$00000017) for __rt_lib_init_lc_monetary_1
    libinit.o(.ARM.Collect$$libinit$$00000000) refers (Special) to libinit2.o(.ARM.Collect$$libinit$$00000019) for __rt_lib_init_lc_numeric_1
    libinit.o(.ARM.Collect$$libinit$$00000000) refers (Special) to libinit2.o(.ARM.Collect$$libinit$$0000001B) for __rt_lib_init_lc_time_1
    libinit.o(.ARM.Collect$$libinit$$00000000) refers (Special) to libinit2.o(.ARM.Collect$$libinit$$00000006) for __rt_lib_init_preinit_1
    libinit.o(.ARM.Collect$$libinit$$00000000) refers (Special) to libinit2.o(.ARM.Collect$$libinit$$00000010) for __rt_lib_init_rand_1
    libinit.o(.ARM.Collect$$libinit$$00000000) refers (Special) to libinit2.o(.ARM.Collect$$libinit$$00000004) for __rt_lib_init_relocate_pie_1
    libinit.o(.ARM.Collect$$libinit$$00000000) refers (Special) to libinit2.o(.ARM.Collect$$libinit$$00000035) for __rt_lib_init_return
    libinit.o(.ARM.Collect$$libinit$$00000000) refers (Special) to libinit2.o(.ARM.Collect$$libinit$$0000001F) for __rt_lib_init_signal_1
    libinit.o(.ARM.Collect$$libinit$$00000000) refers (Special) to libinit2.o(.ARM.Collect$$libinit$$00000027) for __rt_lib_init_stdio_1
    libinit.o(.ARM.Collect$$libinit$$00000000) refers (Special) to libinit2.o(.ARM.Collect$$libinit$$0000000E) for __rt_lib_init_user_alloc_1
    dcheck1.o(x$fpl$dcheck1) refers (Special) to usenofp.o(x$fpl$usenofp) for __I$use$fp
    dcheck1.o(x$fpl$dcheck1) refers to retnan.o(x$fpl$retnan) for __fpl_return_NaN
    rtexit.o(.ARM.Collect$$rtexit$$00000000) refers (Special) to rtexit2.o(.ARM.Collect$$rtexit$$00000004) for __rt_exit_exit
    rtexit.o(.ARM.Collect$$rtexit$$00000000) refers (Special) to rtexit2.o(.ARM.Collect$$rtexit$$00000003) for __rt_exit_ls
    rtexit.o(.ARM.Collect$$rtexit$$00000000) refers (Special) to rtexit2.o(.ARM.Collect$$rtexit$$00000002) for __rt_exit_prels_1
    rtexit.o(.ARM.exidx) refers (Special) to rtexit2.o(.ARM.Collect$$rtexit$$00000004) for __rt_exit_exit
    rtexit.o(.ARM.exidx) refers (Special) to rtexit2.o(.ARM.Collect$$rtexit$$00000003) for __rt_exit_ls
    rtexit.o(.ARM.exidx) refers (Special) to rtexit2.o(.ARM.Collect$$rtexit$$00000002) for __rt_exit_prels_1
    rtexit.o(.ARM.exidx) refers to rtexit.o(.ARM.Collect$$rtexit$$00000000) for .ARM.Collect$$rtexit$$00000000
    libinit2.o(.ARM.Collect$$libinit$$00000012) refers to libinit2.o(.ARM.Collect$$libinit$$00000011) for .ARM.Collect$$libinit$$00000011
    libinit2.o(.ARM.Collect$$libinit$$00000014) refers to libinit2.o(.ARM.Collect$$libinit$$00000011) for .ARM.Collect$$libinit$$00000011
    libinit2.o(.ARM.Collect$$libinit$$00000016) refers to libinit2.o(.ARM.Collect$$libinit$$00000011) for .ARM.Collect$$libinit$$00000011
    libinit2.o(.ARM.Collect$$libinit$$00000018) refers to libinit2.o(.ARM.Collect$$libinit$$00000011) for .ARM.Collect$$libinit$$00000011
    libinit2.o(.ARM.Collect$$libinit$$0000001A) refers to libinit2.o(.ARM.Collect$$libinit$$00000011) for .ARM.Collect$$libinit$$00000011
    libinit2.o(.ARM.Collect$$libinit$$00000028) refers to argv_veneer.o(.emb_text) for __ARM_argv_veneer
    libinit2.o(.ARM.Collect$$libinit$$00000029) refers to argv_veneer.o(.emb_text) for __ARM_argv_veneer
    retnan.o(x$fpl$retnan) refers (Special) to usenofp.o(x$fpl$usenofp) for __I$use$fp
    retnan.o(x$fpl$retnan) refers to trapv.o(x$fpl$trapveneer) for __fpl_cmpreturn
    rtexit2.o(.ARM.Collect$$rtexit$$00000003) refers to libshutdown.o(.ARM.Collect$$libshutdown$$00000000) for __rt_lib_shutdown
    rtexit2.o(.ARM.Collect$$rtexit$$00000004) refers to sys_exit.o(.text) for _sys_exit
    rtexit2.o(.ARM.exidx) refers to rtexit2.o(.ARM.Collect$$rtexit$$00000001) for .ARM.Collect$$rtexit$$00000001
    rtexit2.o(.ARM.exidx) refers to rtexit2.o(.ARM.Collect$$rtexit$$00000003) for .ARM.Collect$$rtexit$$00000003
    rtexit2.o(.ARM.exidx) refers to rtexit2.o(.ARM.Collect$$rtexit$$00000004) for .ARM.Collect$$rtexit$$00000004
    argv_veneer.o(.emb_text) refers to no_argv.o(.text) for __ARM_get_argv
    trapv.o(x$fpl$trapveneer) refers (Special) to usenofp.o(x$fpl$usenofp) for __I$use$fp
    sys_exit.o(.text) refers (Special) to use_no_semi.o(.text) for __I$use$semihosting
    sys_exit.o(.text) refers (Special) to indicate_semi.o(.text) for __semihosting_library_function
    sys_exit_hlt.o(.text) refers (Special) to use_no_semi.o(.text) for __I$use$semihosting
    sys_exit_hlt.o(.text) refers (Special) to indicate_semi.o(.text) for __semihosting_library_function
    _get_argv_nomalloc.o(.text) refers (Special) to hrguard.o(.text) for __heap_region$guard
    _get_argv_nomalloc.o(.text) refers to defsig_rtmem_outer.o(.text) for __rt_SIGRTMEM
    _get_argv_nomalloc.o(.text) refers to sys_command.o(.text) for _sys_command_string
    libshutdown.o(.ARM.Collect$$libshutdown$$00000000) refers (Special) to libshutdown2.o(.ARM.Collect$$libshutdown$$00000002) for __rt_lib_shutdown_cpp_1
    libshutdown.o(.ARM.Collect$$libshutdown$$00000000) refers (Special) to libshutdown2.o(.ARM.Collect$$libshutdown$$00000007) for __rt_lib_shutdown_fp_trap_1
    libshutdown.o(.ARM.Collect$$libshutdown$$00000000) refers (Special) to libshutdown2.o(.ARM.Collect$$libshutdown$$0000000F) for __rt_lib_shutdown_heap_1
    libshutdown.o(.ARM.Collect$$libshutdown$$00000000) refers (Special) to libshutdown2.o(.ARM.Collect$$libshutdown$$00000010) for __rt_lib_shutdown_return
    libshutdown.o(.ARM.Collect$$libshutdown$$00000000) refers (Special) to libshutdown2.o(.ARM.Collect$$libshutdown$$0000000A) for __rt_lib_shutdown_signal_1
    libshutdown.o(.ARM.Collect$$libshutdown$$00000000) refers (Special) to libshutdown2.o(.ARM.Collect$$libshutdown$$00000004) for __rt_lib_shutdown_stdio_1
    libshutdown.o(.ARM.Collect$$libshutdown$$00000000) refers (Special) to libshutdown2.o(.ARM.Collect$$libshutdown$$0000000C) for __rt_lib_shutdown_user_alloc_1
    sys_command.o(.text) refers (Special) to use_no_semi.o(.text) for __I$use$semihosting
    sys_command.o(.text) refers (Special) to indicate_semi.o(.text) for __semihosting_library_function
    sys_command_hlt.o(.text) refers (Special) to use_no_semi.o(.text) for __I$use$semihosting
    sys_command_hlt.o(.text) refers (Special) to indicate_semi.o(.text) for __semihosting_library_function
    defsig_rtmem_outer.o(.text) refers to defsig_rtmem_inner.o(.text) for __rt_SIGRTMEM_inner
    defsig_rtmem_outer.o(.text) refers to defsig_exit.o(.text) for __sig_exit
    defsig_rtmem_formal.o(.text) refers to rt_raise.o(.text) for __rt_raise
    rt_raise.o(.text) refers to __raise.o(.text) for __raise
    rt_raise.o(.text) refers to sys_exit.o(.text) for _sys_exit
    defsig_exit.o(.text) refers to sys_exit.o(.text) for _sys_exit
    defsig_rtmem_inner.o(.text) refers to defsig_general.o(.text) for __default_signal_display
    __raise.o(.text) refers to defsig.o(CL$$defsig) for __default_signal_handler
    defsig_general.o(.text) refers to sys_wrch.o(.text) for _ttywrch
    sys_wrch.o(.text) refers (Special) to use_no_semi.o(.text) for __I$use$semihosting
    sys_wrch.o(.text) refers (Special) to indicate_semi.o(.text) for __semihosting_library_function
    sys_wrch_hlt.o(.text) refers (Special) to use_no_semi.o(.text) for __I$use$semihosting
    sys_wrch_hlt.o(.text) refers (Special) to indicate_semi.o(.text) for __semihosting_library_function
    defsig.o(CL$$defsig) refers to defsig_rtmem_inner.o(.text) for __rt_SIGRTMEM_inner
    defsig_abrt_inner.o(.text) refers to defsig_general.o(.text) for __default_signal_display
    defsig_fpe_inner.o(.text) refers to defsig_general.o(.text) for __default_signal_display
    defsig_rtred_inner.o(.text) refers to defsig_general.o(.text) for __default_signal_display
    defsig_stak_inner.o(.text) refers to defsig_general.o(.text) for __default_signal_display
    defsig_pvfn_inner.o(.text) refers to defsig_general.o(.text) for __default_signal_display
    defsig_cppl_inner.o(.text) refers to defsig_general.o(.text) for __default_signal_display
    defsig_segv_inner.o(.text) refers to defsig_general.o(.text) for __default_signal_display
    defsig_other.o(.text) refers to defsig_general.o(.text) for __default_signal_display


==============================================================================

Removing Unused input sections from the image.

    Removing main.o(.text), (0 bytes).
    Removing buttonled.o(.text), (0 bytes).
    Removing buttonled.o(.text.LED_Init), (152 bytes).
    Removing buttonled.o(.ARM.exidx.text.LED_Init), (8 bytes).
    Removing buttonled.o(.text.BTN_Init), (266 bytes).
    Removing buttonled.o(.ARM.exidx.text.BTN_Init), (8 bytes).
    Removing buttonled.o(.ARM.exidx.text.GPIOPortF_Handler), (8 bytes).
    Removing wtimer.o(.text), (0 bytes).
    Removing wtimer.o(.ARM.exidx.text.WTIMER_Init), (8 bytes).
    Removing wtimer.o(.ARM.exidx.text.DELAY_1MS), (8 bytes).
    Removing moduletest.o(.text), (0 bytes).
    Removing moduletest.o(.ARM.exidx.text.main), (8 bytes).
    Removing moduletest.o(.ARM.exidx.text.System_Init), (8 bytes).
    Removing moduletest.o(.ARM.exidx.text.Module_6_Test), (8 bytes).
    Removing moduletest.o(.ARM.exidx.text.UART_OutSDec), (8 bytes).
    Removing moduletest.o(.text.Delay), (46 bytes).
    Removing moduletest.o(.ARM.exidx.text.Delay), (8 bytes).
    Removing moduletest.o(.ARM.use_no_argv), (4 bytes).
    Removing pll.o(.text), (0 bytes).
    Removing pll.o(.ARM.exidx.text.PLL_Init), (8 bytes).
    Removing uart.o(.text), (0 bytes).
    Removing uart.o(.ARM.exidx.text.rb_Init), (8 bytes).
    Removing uart.o(.text.rb_empty), (24 bytes).
    Removing uart.o(.ARM.exidx.text.rb_empty), (8 bytes).
    Removing uart.o(.text.rb_full), (30 bytes).
    Removing uart.o(.ARM.exidx.text.rb_full), (8 bytes).
    Removing uart.o(.ARM.exidx.text.rb_put), (8 bytes).
    Removing uart.o(.text.rb_get), (68 bytes).
    Removing uart.o(.ARM.exidx.text.rb_get), (8 bytes).
    Removing uart.o(.text.UART_Available), (20 bytes).
    Removing uart.o(.ARM.exidx.text.UART_Available), (8 bytes).
    Removing uart.o(.ARM.exidx.text.UART_Init), (8 bytes).
    Removing uart.o(.ARM.exidx.text.UART0_Handler), (8 bytes).
    Removing uart.o(.ARM.exidx.text.OutCRLF), (8 bytes).
    Removing uart.o(.ARM.exidx.text.UART_OutChar), (8 bytes).
    Removing uart.o(.text.UART_InChar), (100 bytes).
    Removing uart.o(.ARM.exidx.text.UART_InChar), (8 bytes).
    Removing uart.o(.ARM.exidx.text.UART_OutString), (8 bytes).
    Removing uart.o(.text.UART_InUDec), (152 bytes).
    Removing uart.o(.ARM.exidx.text.UART_InUDec), (8 bytes).
    Removing uart.o(.ARM.exidx.text.UART_OutUDec), (8 bytes).
    Removing uart.o(.text.UART_InUHex), (218 bytes).
    Removing uart.o(.ARM.exidx.text.UART_InUHex), (8 bytes).
    Removing uart.o(.ARM.exidx.text.UART_OutUHex), (8 bytes).
    Removing uart.o(.text.UART_InString), (136 bytes).
    Removing uart.o(.ARM.exidx.text.UART_InString), (8 bytes).
    Removing latch.o(.text), (0 bytes).
    Removing latch.o(.text.Latch_Init), (122 bytes).
    Removing latch.o(.ARM.exidx.text.Latch_Init), (8 bytes).
    Removing i2c.o(.text), (0 bytes).
    Removing i2c.o(.ARM.exidx.text.I2C_Init), (8 bytes).
    Removing i2c.o(.ARM.exidx.text.I2C_Receive), (8 bytes).
    Removing i2c.o(.ARM.exidx.text.I2C_Transmit), (8 bytes).
    Removing i2c.o(.text.I2C_Burst_Receive), (18 bytes).
    Removing i2c.o(.ARM.exidx.text.I2C_Burst_Receive), (8 bytes).
    Removing i2c.o(.text.I2C_Burst_Transmit), (38 bytes).
    Removing i2c.o(.ARM.exidx.text.I2C_Burst_Transmit), (8 bytes).
    Removing mpu6050.o(.text), (0 bytes).
    Removing mpu6050.o(.ARM.exidx.text.MPU6050_Init), (8 bytes).
    Removing mpu6050.o(.ARM.exidx.text.MPU6050_Get_Accel), (8 bytes).
    Removing mpu6050.o(.ARM.exidx.text.MPU6050_Get_Gyro), (8 bytes).
    Removing mpu6050.o(.ARM.exidx.text.MPU6050_Process_Accel), (8 bytes).
    Removing mpu6050.o(.ARM.exidx.text.MPU6050_Process_Gyro), (8 bytes).
    Removing mpu6050.o(.ARM.exidx.text.MPU6050_Get_Angle), (8 bytes).
    Removing mpu6050.o(.text.MPU6050_Read_Reg), (22 bytes).
    Removing mpu6050.o(.ARM.exidx.text.MPU6050_Read_Reg), (8 bytes).

66 unused section(s) (total 1744 bytes) removed from the image.

==============================================================================

Image Symbol Table

    Local Symbols

    Symbol Name                              Value     Ov Type        Size  Object(Section)

    ../clib/angel/boardlib.s                 0x00000000   Number         0  boardinit1.o ABSOLUTE
    ../clib/angel/boardlib.s                 0x00000000   Number         0  boardinit2.o ABSOLUTE
    ../clib/angel/boardlib.s                 0x00000000   Number         0  boardinit3.o ABSOLUTE
    ../clib/angel/boardlib.s                 0x00000000   Number         0  boardshut.o ABSOLUTE
    ../clib/angel/handlers.s                 0x00000000   Number         0  __scatter_copy.o ABSOLUTE
    ../clib/angel/handlers.s                 0x00000000   Number         0  __scatter_zi.o ABSOLUTE
    ../clib/angel/kernel.s                   0x00000000   Number         0  __rtentry.o ABSOLUTE
    ../clib/angel/kernel.s                   0x00000000   Number         0  __rtentry2.o ABSOLUTE
    ../clib/angel/kernel.s                   0x00000000   Number         0  __rtentry4.o ABSOLUTE
    ../clib/angel/kernel.s                   0x00000000   Number         0  rtexit.o ABSOLUTE
    ../clib/angel/kernel.s                   0x00000000   Number         0  rtexit2.o ABSOLUTE
    ../clib/angel/rt.s                       0x00000000   Number         0  rt_errno_addr.o ABSOLUTE
    ../clib/angel/rt.s                       0x00000000   Number         0  rt_errno_addr_intlibspace.o ABSOLUTE
    ../clib/angel/rt.s                       0x00000000   Number         0  rt_raise.o ABSOLUTE
    ../clib/angel/scatter.s                  0x00000000   Number         0  __scatter.o ABSOLUTE
    ../clib/angel/startup.s                  0x00000000   Number         0  __main.o ABSOLUTE
    ../clib/angel/sys.s                      0x00000000   Number         0  libspace.o ABSOLUTE
    ../clib/angel/sys.s                      0x00000000   Number         0  sys_stackheap_outer.o ABSOLUTE
    ../clib/angel/sys.s                      0x00000000   Number         0  use_no_semi.o ABSOLUTE
    ../clib/angel/sys.s                      0x00000000   Number         0  indicate_semi.o ABSOLUTE
    ../clib/angel/sysapp.c                   0x00000000   Number         0  sys_exit.o ABSOLUTE
    ../clib/angel/sysapp.c                   0x00000000   Number         0  sys_exit_hlt.o ABSOLUTE
    ../clib/angel/sysapp.c                   0x00000000   Number         0  sys_command.o ABSOLUTE
    ../clib/angel/sysapp.c                   0x00000000   Number         0  sys_command_hlt.o ABSOLUTE
    ../clib/angel/sysapp.c                   0x00000000   Number         0  sys_wrch.o ABSOLUTE
    ../clib/angel/sysapp.c                   0x00000000   Number         0  sys_wrch_hlt.o ABSOLUTE
    ../clib/armsys.c                         0x00000000   Number         0  argv_veneer.o ABSOLUTE
    ../clib/armsys.c                         0x00000000   Number         0  argv_veneer.o ABSOLUTE
    ../clib/armsys.c                         0x00000000   Number         0  _get_argv_nomalloc.o ABSOLUTE
    ../clib/armsys.c                         0x00000000   Number         0  no_argv.o ABSOLUTE
    ../clib/fenv.c                           0x00000000   Number         0  _rserrno.o ABSOLUTE
    ../clib/heapalloc.c                      0x00000000   Number         0  hrguard.o ABSOLUTE
    ../clib/heapaux.c                        0x00000000   Number         0  heapauxi.o ABSOLUTE
    ../clib/libinit.s                        0x00000000   Number         0  libinit.o ABSOLUTE
    ../clib/libinit.s                        0x00000000   Number         0  libinit2.o ABSOLUTE
    ../clib/libinit.s                        0x00000000   Number         0  libshutdown.o ABSOLUTE
    ../clib/libinit.s                        0x00000000   Number         0  libshutdown2.o ABSOLUTE
    ../clib/signal.c                         0x00000000   Number         0  defsig_rtmem_outer.o ABSOLUTE
    ../clib/signal.c                         0x00000000   Number         0  defsig_rtmem_formal.o ABSOLUTE
    ../clib/signal.c                         0x00000000   Number         0  defsig_exit.o ABSOLUTE
    ../clib/signal.c                         0x00000000   Number         0  defsig_rtmem_inner.o ABSOLUTE
    ../clib/signal.c                         0x00000000   Number         0  __raise.o ABSOLUTE
    ../clib/signal.c                         0x00000000   Number         0  defsig_general.o ABSOLUTE
    ../clib/signal.c                         0x00000000   Number         0  defsig_abrt_inner.o ABSOLUTE
    ../clib/signal.c                         0x00000000   Number         0  defsig_fpe_inner.o ABSOLUTE
    ../clib/signal.c                         0x00000000   Number         0  defsig_rtred_inner.o ABSOLUTE
    ../clib/signal.c                         0x00000000   Number         0  defsig_stak_inner.o ABSOLUTE
    ../clib/signal.c                         0x00000000   Number         0  defsig_pvfn_inner.o ABSOLUTE
    ../clib/signal.c                         0x00000000   Number         0  defsig_cppl_inner.o ABSOLUTE
    ../clib/signal.c                         0x00000000   Number         0  defsig_segv_inner.o ABSOLUTE
    ../clib/signal.c                         0x00000000   Number         0  defsig_other.o ABSOLUTE
    ../clib/signal.s                         0x00000000   Number         0  defsig.o ABSOLUTE
    ../clib/stdlib.c                         0x00000000   Number         0  exit.o ABSOLUTE
    ../fplib/d2f.s                           0x00000000   Number         0  d2f.o ABSOLUTE
    ../fplib/daddsub.s                       0x00000000   Number         0  daddsub_clz.o ABSOLUTE
    ../fplib/dcheck1.s                       0x00000000   Number         0  dcheck1.o ABSOLUTE
    ../fplib/dcmpi.s                         0x00000000   Number         0  dcmpi.o ABSOLUTE
    ../fplib/ddiv.s                          0x00000000   Number         0  ddiv.o ABSOLUTE
    ../fplib/deqf.s                          0x00000000   Number         0  deqf.o ABSOLUTE
    ../fplib/dflt.s                          0x00000000   Number         0  dflt_clz.o ABSOLUTE
    ../fplib/dmul.s                          0x00000000   Number         0  dmul.o ABSOLUTE
    ../fplib/dnaninf.s                       0x00000000   Number         0  dnaninf.o ABSOLUTE
    ../fplib/dretinf.s                       0x00000000   Number         0  dretinf.o ABSOLUTE
    ../fplib/dsqrt.s                         0x00000000   Number         0  dsqrt_umaal.o ABSOLUTE
    ../fplib/f2d.s                           0x00000000   Number         0  f2d.o ABSOLUTE
    ../fplib/faddsub.s                       0x00000000   Number         0  faddsub_clz.o ABSOLUTE
    ../fplib/ffix.s                          0x00000000   Number         0  ffix.o ABSOLUTE
    ../fplib/fmul.s                          0x00000000   Number         0  fmul.o ABSOLUTE
    ../fplib/fnaninf.s                       0x00000000   Number         0  fnaninf.o ABSOLUTE
    ../fplib/fpinit.s                        0x00000000   Number         0  fpinit.o ABSOLUTE
    ../fplib/fpinit_empty.s                  0x00000000   Number         0  fpinit_empty.o ABSOLUTE
    ../fplib/fretinf.s                       0x00000000   Number         0  fretinf.o ABSOLUTE
    ../fplib/retnan.s                        0x00000000   Number         0  retnan.o ABSOLUTE
    ../fplib/scalbn.s                        0x00000000   Number         0  scalbn.o ABSOLUTE
    ../fplib/trapv.s                         0x00000000   Number         0  trapv.o ABSOLUTE
    ../fplib/usenofp.s                       0x00000000   Number         0  usenofp.o ABSOLUTE
    ../mathlib/atan.c                        0x00000000   Number         0  atan.o ABSOLUTE
    ../mathlib/atan2.c                       0x00000000   Number         0  atan2.o ABSOLUTE
    ../mathlib/dunder.c                      0x00000000   Number         0  dunder.o ABSOLUTE
    ../mathlib/fpclassify.c                  0x00000000   Number         0  fpclassify.o ABSOLUTE
    ../mathlib/poly.c                        0x00000000   Number         0  poly.o ABSOLUTE
    ../mathlib/qnan.c                        0x00000000   Number         0  qnan.o ABSOLUTE
    ../mathlib/sqrt.c                        0x00000000   Number         0  sqrt.o ABSOLUTE
    ../src/startup.s                         0x00000000   Number         0  startup.o ABSOLUTE
    ButtonLED.c                              0x00000000   Number         0  buttonled.o ABSOLUTE
    I2C.c                                    0x00000000   Number         0  i2c.o ABSOLUTE
    Latch.c                                  0x00000000   Number         0  latch.o ABSOLUTE
    MPU6050.c                                0x00000000   Number         0  mpu6050.o ABSOLUTE
    ModuleTest.c                             0x00000000   Number         0  moduletest.o ABSOLUTE
    PLL.c                                    0x00000000   Number         0  pll.o ABSOLUTE
    UART.c                                   0x00000000   Number         0  uart.o ABSOLUTE
    dc.s                                     0x00000000   Number         0  dc.o ABSOLUTE
    main.c                                   0x00000000   Number         0  main.o ABSOLUTE
    wtimer.c                                 0x00000000   Number         0  wtimer.o ABSOLUTE
    RESET                                    0x00000000   Section      644  startup.o(RESET)
    !!!main                                  0x00000284   Section        8  __main.o(!!!main)
    !!!scatter                               0x0000028c   Section       92  __scatter.o(!!!scatter)
    !!handler_copy                           0x000002e8   Section       26  __scatter_copy.o(!!handler_copy)
    !!handler_null                           0x00000304   Section        2  __scatter.o(!!handler_null)
    !!handler_zi                             0x00000308   Section       28  __scatter_zi.o(!!handler_zi)
    .ARM.Collect$$libinit$$00000000          0x00000324   Section        2  libinit.o(.ARM.Collect$$libinit$$00000000)
    .ARM.Collect$$libinit$$00000002          0x00000326   Section        0  libinit2.o(.ARM.Collect$$libinit$$00000002)
    .ARM.Collect$$libinit$$00000004          0x00000326   Section        0  libinit2.o(.ARM.Collect$$libinit$$00000004)
    .ARM.Collect$$libinit$$00000006          0x00000326   Section        0  libinit2.o(.ARM.Collect$$libinit$$00000006)
    .ARM.Collect$$libinit$$0000000C          0x00000326   Section        0  libinit2.o(.ARM.Collect$$libinit$$0000000C)
    .ARM.Collect$$libinit$$0000000E          0x00000326   Section        0  libinit2.o(.ARM.Collect$$libinit$$0000000E)
    .ARM.Collect$$libinit$$00000010          0x00000326   Section        0  libinit2.o(.ARM.Collect$$libinit$$00000010)
    .ARM.Collect$$libinit$$00000013          0x00000326   Section        0  libinit2.o(.ARM.Collect$$libinit$$00000013)
    .ARM.Collect$$libinit$$00000015          0x00000326   Section        0  libinit2.o(.ARM.Collect$$libinit$$00000015)
    .ARM.Collect$$libinit$$00000017          0x00000326   Section        0  libinit2.o(.ARM.Collect$$libinit$$00000017)
    .ARM.Collect$$libinit$$00000019          0x00000326   Section        0  libinit2.o(.ARM.Collect$$libinit$$00000019)
    .ARM.Collect$$libinit$$0000001B          0x00000326   Section        0  libinit2.o(.ARM.Collect$$libinit$$0000001B)
    .ARM.Collect$$libinit$$0000001D          0x00000326   Section        0  libinit2.o(.ARM.Collect$$libinit$$0000001D)
    .ARM.Collect$$libinit$$0000001F          0x00000326   Section        0  libinit2.o(.ARM.Collect$$libinit$$0000001F)
    .ARM.Collect$$libinit$$00000021          0x00000326   Section        0  libinit2.o(.ARM.Collect$$libinit$$00000021)
    .ARM.Collect$$libinit$$00000023          0x00000326   Section        0  libinit2.o(.ARM.Collect$$libinit$$00000023)
    .ARM.Collect$$libinit$$00000025          0x00000326   Section        0  libinit2.o(.ARM.Collect$$libinit$$00000025)
    .ARM.Collect$$libinit$$00000027          0x00000326   Section        0  libinit2.o(.ARM.Collect$$libinit$$00000027)
    .ARM.Collect$$libinit$$0000002E          0x00000326   Section        0  libinit2.o(.ARM.Collect$$libinit$$0000002E)
    .ARM.Collect$$libinit$$00000030          0x00000326   Section        0  libinit2.o(.ARM.Collect$$libinit$$00000030)
    .ARM.Collect$$libinit$$00000032          0x00000326   Section        0  libinit2.o(.ARM.Collect$$libinit$$00000032)
    .ARM.Collect$$libinit$$00000034          0x00000326   Section        0  libinit2.o(.ARM.Collect$$libinit$$00000034)
    .ARM.Collect$$libinit$$00000035          0x00000326   Section        2  libinit2.o(.ARM.Collect$$libinit$$00000035)
    .ARM.Collect$$libshutdown$$00000000      0x00000328   Section        2  libshutdown.o(.ARM.Collect$$libshutdown$$00000000)
    .ARM.Collect$$libshutdown$$00000002      0x0000032a   Section        0  libshutdown2.o(.ARM.Collect$$libshutdown$$00000002)
    .ARM.Collect$$libshutdown$$00000004      0x0000032a   Section        0  libshutdown2.o(.ARM.Collect$$libshutdown$$00000004)
    .ARM.Collect$$libshutdown$$00000007      0x0000032a   Section        0  libshutdown2.o(.ARM.Collect$$libshutdown$$00000007)
    .ARM.Collect$$libshutdown$$0000000A      0x0000032a   Section        0  libshutdown2.o(.ARM.Collect$$libshutdown$$0000000A)
    .ARM.Collect$$libshutdown$$0000000C      0x0000032a   Section        0  libshutdown2.o(.ARM.Collect$$libshutdown$$0000000C)
    .ARM.Collect$$libshutdown$$0000000F      0x0000032a   Section        0  libshutdown2.o(.ARM.Collect$$libshutdown$$0000000F)
    .ARM.Collect$$libshutdown$$00000010      0x0000032a   Section        2  libshutdown2.o(.ARM.Collect$$libshutdown$$00000010)
    .ARM.Collect$$rtentry$$00000000          0x0000032c   Section        0  __rtentry.o(.ARM.Collect$$rtentry$$00000000)
    .ARM.Collect$$rtentry$$00000002          0x0000032c   Section        0  __rtentry2.o(.ARM.Collect$$rtentry$$00000002)
    .ARM.Collect$$rtentry$$00000004          0x0000032c   Section        6  __rtentry4.o(.ARM.Collect$$rtentry$$00000004)
    .ARM.Collect$$rtentry$$00000009          0x00000332   Section        0  __rtentry2.o(.ARM.Collect$$rtentry$$00000009)
    .ARM.Collect$$rtentry$$0000000A          0x00000332   Section        4  __rtentry2.o(.ARM.Collect$$rtentry$$0000000A)
    .ARM.Collect$$rtentry$$0000000C          0x00000336   Section        0  __rtentry2.o(.ARM.Collect$$rtentry$$0000000C)
    .ARM.Collect$$rtentry$$0000000D          0x00000336   Section        8  __rtentry2.o(.ARM.Collect$$rtentry$$0000000D)
    .ARM.Collect$$rtexit$$00000000           0x0000033e   Section        2  rtexit.o(.ARM.Collect$$rtexit$$00000000)
    .ARM.Collect$$rtexit$$00000002           0x00000340   Section        0  rtexit2.o(.ARM.Collect$$rtexit$$00000002)
    .ARM.Collect$$rtexit$$00000003           0x00000340   Section        4  rtexit2.o(.ARM.Collect$$rtexit$$00000003)
    .ARM.Collect$$rtexit$$00000004           0x00000344   Section        6  rtexit2.o(.ARM.Collect$$rtexit$$00000004)
    .text                                    0x0000034c   Section       48  startup.o(.text)
    .text                                    0x0000037c   Section        0  heapauxi.o(.text)
    .text                                    0x00000382   Section        0  _rserrno.o(.text)
    .text                                    0x00000398   Section        8  rt_errno_addr_intlibspace.o(.text)
    .text                                    0x000003a0   Section        8  libspace.o(.text)
    .text                                    0x000003a8   Section       74  sys_stackheap_outer.o(.text)
    .text                                    0x000003f2   Section        0  exit.o(.text)
    .text                                    0x00000404   Section        0  sys_exit.o(.text)
    .text                                    0x00000410   Section        2  use_no_semi.o(.text)
    .text                                    0x00000412   Section        0  indicate_semi.o(.text)
    [Anonymous Symbol]                       0x00000414   Section        0  wtimer.o(.text.DELAY_1MS)
    [Anonymous Symbol]                       0x00000494   Section        0  buttonled.o(.text.GPIOPortF_Handler)
    [Anonymous Symbol]                       0x00000594   Section        0  i2c.o(.text.I2C_Init)
    [Anonymous Symbol]                       0x00000648   Section        0  i2c.o(.text.I2C_Receive)
    [Anonymous Symbol]                       0x0000073c   Section        0  i2c.o(.text.I2C_Transmit)
    [Anonymous Symbol]                       0x00000810   Section        0  mpu6050.o(.text.MPU6050_Get_Accel)
    [Anonymous Symbol]                       0x000008a0   Section        0  mpu6050.o(.text.MPU6050_Get_Angle)
    [Anonymous Symbol]                       0x000009b0   Section        0  mpu6050.o(.text.MPU6050_Get_Gyro)
    [Anonymous Symbol]                       0x00000a40   Section        0  mpu6050.o(.text.MPU6050_Init)
    [Anonymous Symbol]                       0x00000adc   Section        0  mpu6050.o(.text.MPU6050_Process_Accel)
    [Anonymous Symbol]                       0x00000c9c   Section        0  mpu6050.o(.text.MPU6050_Process_Gyro)
    [Anonymous Symbol]                       0x00000e68   Section        0  moduletest.o(.text.Module_6_Test)
    [Anonymous Symbol]                       0x00001018   Section        0  uart.o(.text.OutCRLF)
    [Anonymous Symbol]                       0x00001028   Section        0  pll.o(.text.PLL_Init)
    [Anonymous Symbol]                       0x000010ac   Section        0  moduletest.o(.text.System_Init)
    [Anonymous Symbol]                       0x000010c8   Section        0  uart.o(.text.UART0_Handler)
    [Anonymous Symbol]                       0x00001144   Section        0  uart.o(.text.UART_Init)
    [Anonymous Symbol]                       0x00001294   Section        0  uart.o(.text.UART_OutChar)
    [Anonymous Symbol]                       0x000012c4   Section        0  moduletest.o(.text.UART_OutSDec)
    [Anonymous Symbol]                       0x000012ec   Section        0  uart.o(.text.UART_OutString)
    [Anonymous Symbol]                       0x00001310   Section        0  uart.o(.text.UART_OutUDec)
    [Anonymous Symbol]                       0x00001358   Section        0  uart.o(.text.UART_OutUHex)
    [Anonymous Symbol]                       0x000013a0   Section        0  wtimer.o(.text.WTIMER_Init)
    [Anonymous Symbol]                       0x00001414   Section        0  moduletest.o(.text.main)
    [Anonymous Symbol]                       0x00001430   Section        0  uart.o(.text.rb_Init)
    [Anonymous Symbol]                       0x00001444   Section        0  uart.o(.text.rb_put)
    i.__ARM_fpclassify                       0x00001494   Section        0  fpclassify.o(i.__ARM_fpclassify)
    i.__kernel_poly                          0x000014bc   Section        0  poly.o(i.__kernel_poly)
    i.__mathlib_dbl_infnan                   0x00001566   Section        0  dunder.o(i.__mathlib_dbl_infnan)
    i.__mathlib_dbl_infnan2                  0x0000156c   Section        0  dunder.o(i.__mathlib_dbl_infnan2)
    i.__mathlib_dbl_underflow                0x00001570   Section        0  dunder.o(i.__mathlib_dbl_underflow)
    i.atan                                   0x00001580   Section        0  atan.o(i.atan)
    i.atan2                                  0x000017a0   Section        0  atan2.o(i.atan2)
    i.sqrt                                   0x0000193c   Section        0  sqrt.o(i.sqrt)
    x$fpl$d2f                                0x00001988   Section       98  d2f.o(x$fpl$d2f)
    x$fpl$dadd                               0x000019ec   Section      336  daddsub_clz.o(x$fpl$dadd)
    _dadd1                                   0x000019fd   Thumb Code     0  daddsub_clz.o(x$fpl$dadd)
    x$fpl$dcheck1                            0x00001b3c   Section       16  dcheck1.o(x$fpl$dcheck1)
    x$fpl$dcmpinf                            0x00001b4c   Section       24  dcmpi.o(x$fpl$dcmpinf)
    x$fpl$ddiv                               0x00001b64   Section      692  ddiv.o(x$fpl$ddiv)
    ddiv_entry                               0x00001b6b   Thumb Code     0  ddiv.o(x$fpl$ddiv)
    x$fpl$deqf                               0x00001e18   Section      120  deqf.o(x$fpl$deqf)
    x$fpl$dflt                               0x00001e90   Section       46  dflt_clz.o(x$fpl$dflt)
    x$fpl$dmul                               0x00001ec0   Section      340  dmul.o(x$fpl$dmul)
    x$fpl$dnaninf                            0x00002014   Section      156  dnaninf.o(x$fpl$dnaninf)
    x$fpl$dretinf                            0x000020b0   Section       12  dretinf.o(x$fpl$dretinf)
    x$fpl$drsb                               0x000020bc   Section       22  daddsub_clz.o(x$fpl$drsb)
    x$fpl$dsqrt                              0x000020d4   Section      408  dsqrt_umaal.o(x$fpl$dsqrt)
    x$fpl$dsub                               0x0000226c   Section      476  daddsub_clz.o(x$fpl$dsub)
    _dsub1                                   0x0000227d   Thumb Code     0  daddsub_clz.o(x$fpl$dsub)
    x$fpl$f2d                                0x00002448   Section       86  f2d.o(x$fpl$f2d)
    x$fpl$fadd                               0x000024a0   Section      196  faddsub_clz.o(x$fpl$fadd)
    _fadd1                                   0x000024af   Thumb Code     0  faddsub_clz.o(x$fpl$fadd)
    x$fpl$ffix                               0x00002564   Section       54  ffix.o(x$fpl$ffix)
    x$fpl$fmul                               0x0000259c   Section      258  fmul.o(x$fpl$fmul)
    x$fpl$fnaninf                            0x0000269e   Section      140  fnaninf.o(x$fpl$fnaninf)
    x$fpl$fretinf                            0x0000272a   Section       10  fretinf.o(x$fpl$fretinf)
    x$fpl$fsub                               0x00002734   Section      234  faddsub_clz.o(x$fpl$fsub)
    _fsub1                                   0x00002743   Thumb Code     0  faddsub_clz.o(x$fpl$fsub)
    x$fpl$retnan                             0x0000281e   Section      100  retnan.o(x$fpl$retnan)
    x$fpl$scalbn                             0x00002882   Section       92  scalbn.o(x$fpl$scalbn)
    x$fpl$trapveneer                         0x000028de   Section       48  trapv.o(x$fpl$trapveneer)
    x$fpl$usenofp                            0x0000290e   Section        0  usenofp.o(x$fpl$usenofp)
    atanhi                                   0x00002910   Data          32  atan.o(.constdata)
    .constdata                               0x00002910   Section      152  atan.o(.constdata)
    atanlo                                   0x00002930   Data          32  atan.o(.constdata)
    aTodd                                    0x00002950   Data          40  atan.o(.constdata)
    aTeven                                   0x00002978   Data          48  atan.o(.constdata)
    .constdata                               0x000029a8   Section        8  qnan.o(.constdata)
    .L.str                                   0x000029b0   Data          25  moduletest.o(.rodata.str1.1)
    [Anonymous Symbol]                       0x000029b0   Section        0  moduletest.o(.rodata.str1.1)
    .L.str.4                                 0x000029c6   Data           3  moduletest.o(.rodata.str1.1)
    .L.str.1                                 0x000029c9   Data          16  moduletest.o(.rodata.str1.1)
    .L.str.6                                 0x000029d9   Data          15  moduletest.o(.rodata.str1.1)
    .L.str.5                                 0x000029e8   Data          22  moduletest.o(.rodata.str1.1)
    .L.str.7                                 0x000029fe   Data          21  moduletest.o(.rodata.str1.1)
    .L.str.2                                 0x00002a13   Data           5  moduletest.o(.rodata.str1.1)
    .L.str.3                                 0x00002a18   Data           5  moduletest.o(.rodata.str1.1)
    .L.str.8                                 0x00002a1d   Data          17  moduletest.o(.rodata.str1.1)
    .L.str.9                                 0x00002a2e   Data           8  moduletest.o(.rodata.str1.1)
    .L.str.10                                0x00002a36   Data           7  moduletest.o(.rodata.str1.1)
    .L.str                                   0x00002a3d   Data          32  mpu6050.o(.rodata.str1.1)
    [Anonymous Symbol]                       0x00002a3d   Section        0  mpu6050.o(.rodata.str1.1)
    .L.str.1                                 0x00002a5d   Data          36  mpu6050.o(.rodata.str1.1)
    .bss                                     0x20000008   Section       96  libspace.o(.bss)
    HeapMem                                  0x200000b0   Data           0  startup.o(HEAP)
    StackMem                                 0x200000b0   Data           0  startup.o(STACK)
    HEAP                                     0x200000b0   Section        0  startup.o(HEAP)
    STACK                                    0x200000b0   Section     1024  startup.o(STACK)

    Global Symbols

    Symbol Name                              Value     Ov Type        Size  Object(Section)

    BuildAttributes$$THM_ISAv4$E$P$D$K$B$S$7EM$PE$A:L22UL41UL21$X:L11$S22US41US21$IEEE1$IW$~IW$USESV6$~STKCKD$USESV7$~SHL$OTIME$ROPI$IEEEX$EBA8$UX$STANDARDLIB$REQ8$PRES8$EABIv2 0x00000000   Number         0  anon$$obj.o ABSOLUTE
    __Vectors                                0x00000000   Data           0  startup.o(RESET)
    __fp_init_empty                          0x00000000   Number         0  fpinit_empty.o ABSOLUTE
    __ARM_exceptions_init                     - Undefined Weak Reference
    __alloca_initialize                       - Undefined Weak Reference
    __arm_preinit_                            - Undefined Weak Reference
    __arm_relocate_pie_                       - Undefined Weak Reference
    __cpp_initialize__aeabi_                  - Undefined Weak Reference
    __cxa_finalize                            - Undefined Weak Reference
    __rt_locale                               - Undefined Weak Reference
    __sigvec_lookup                           - Undefined Weak Reference
    _atexit_init                              - Undefined Weak Reference
    _call_atexit_fns                          - Undefined Weak Reference
    _clock_init                               - Undefined Weak Reference
    _fp_trap_init                             - Undefined Weak Reference
    _fp_trap_shutdown                         - Undefined Weak Reference
    _get_lc_collate                           - Undefined Weak Reference
    _get_lc_ctype                             - Undefined Weak Reference
    _get_lc_monetary                          - Undefined Weak Reference
    _get_lc_numeric                           - Undefined Weak Reference
    _get_lc_time                              - Undefined Weak Reference
    _getenv_init                              - Undefined Weak Reference
    _handle_redirection                       - Undefined Weak Reference
    _init_alloc                               - Undefined Weak Reference
    _init_user_alloc                          - Undefined Weak Reference
    _initio                                   - Undefined Weak Reference
    _rand_init                                - Undefined Weak Reference
    _signal_finish                            - Undefined Weak Reference
    _signal_init                              - Undefined Weak Reference
    _terminate_alloc                          - Undefined Weak Reference
    _terminate_user_alloc                     - Undefined Weak Reference
    _terminateio                              - Undefined Weak Reference
    Reset_Handler                            0x0000026d   Thumb Code     0  startup.o(RESET)
    NMI_Handler                              0x00000271   Thumb Code     2  startup.o(RESET)
    HardFault_Handler                        0x00000273   Thumb Code     2  startup.o(RESET)
    MemManage_Handler                        0x00000275   Thumb Code     2  startup.o(RESET)
    BusFault_Handler                         0x00000277   Thumb Code     2  startup.o(RESET)
    UsageFault_Handler                       0x00000279   Thumb Code     2  startup.o(RESET)
    SVC_Handler                              0x0000027b   Thumb Code     2  startup.o(RESET)
    DebugMon_Handler                         0x0000027d   Thumb Code     2  startup.o(RESET)
    PendSV_Handler                           0x0000027f   Thumb Code     2  startup.o(RESET)
    SysTick_Handler                          0x00000281   Thumb Code     2  startup.o(RESET)
    ADC0Seq0_Handler                         0x00000283   Thumb Code     0  startup.o(RESET)
    ADC0Seq1_Handler                         0x00000283   Thumb Code     0  startup.o(RESET)
    ADC0Seq2_Handler                         0x00000283   Thumb Code     0  startup.o(RESET)
    ADC0Seq3_Handler                         0x00000283   Thumb Code     0  startup.o(RESET)
    ADC1Seq0_Handler                         0x00000283   Thumb Code     0  startup.o(RESET)
    ADC1Seq1_Handler                         0x00000283   Thumb Code     0  startup.o(RESET)
    ADC1Seq2_Handler                         0x00000283   Thumb Code     0  startup.o(RESET)
    ADC1Seq3_Handler                         0x00000283   Thumb Code     0  startup.o(RESET)
    CAN0_Handler                             0x00000283   Thumb Code     0  startup.o(RESET)
    CAN1_Handler                             0x00000283   Thumb Code     0  startup.o(RESET)
    CAN2_Handler                             0x00000283   Thumb Code     0  startup.o(RESET)
    Comp0_Handler                            0x00000283   Thumb Code     0  startup.o(RESET)
    Comp1_Handler                            0x00000283   Thumb Code     0  startup.o(RESET)
    Comp2_Handler                            0x00000283   Thumb Code     0  startup.o(RESET)
    Ethernet_Handler                         0x00000283   Thumb Code     0  startup.o(RESET)
    ExtBus_Handler                           0x00000283   Thumb Code     0  startup.o(RESET)
    FPU_Handler                              0x00000283   Thumb Code     0  startup.o(RESET)
    Fan0_Handler                             0x00000283   Thumb Code     0  startup.o(RESET)
    FlashCtl_Handler                         0x00000283   Thumb Code     0  startup.o(RESET)
    GPIOPortA_Handler                        0x00000283   Thumb Code     0  startup.o(RESET)
    GPIOPortB_Handler                        0x00000283   Thumb Code     0  startup.o(RESET)
    GPIOPortC_Handler                        0x00000283   Thumb Code     0  startup.o(RESET)
    GPIOPortD_Handler                        0x00000283   Thumb Code     0  startup.o(RESET)
    GPIOPortE_Handler                        0x00000283   Thumb Code     0  startup.o(RESET)
    GPIOPortG_Handler                        0x00000283   Thumb Code     0  startup.o(RESET)
    GPIOPortH_Handler                        0x00000283   Thumb Code     0  startup.o(RESET)
    GPIOPortJ_Handler                        0x00000283   Thumb Code     0  startup.o(RESET)
    GPIOPortK_Handler                        0x00000283   Thumb Code     0  startup.o(RESET)
    GPIOPortL_Handler                        0x00000283   Thumb Code     0  startup.o(RESET)
    GPIOPortM_Handler                        0x00000283   Thumb Code     0  startup.o(RESET)
    GPIOPortN_Handler                        0x00000283   Thumb Code     0  startup.o(RESET)
    GPIOPortP1_Handler                       0x00000283   Thumb Code     0  startup.o(RESET)
    GPIOPortP2_Handler                       0x00000283   Thumb Code     0  startup.o(RESET)
    GPIOPortP3_Handler                       0x00000283   Thumb Code     0  startup.o(RESET)
    GPIOPortP4_Handler                       0x00000283   Thumb Code     0  startup.o(RESET)
    GPIOPortP5_Handler                       0x00000283   Thumb Code     0  startup.o(RESET)
    GPIOPortP6_Handler                       0x00000283   Thumb Code     0  startup.o(RESET)
    GPIOPortP7_Handler                       0x00000283   Thumb Code     0  startup.o(RESET)
    GPIOPortP_Handler                        0x00000283   Thumb Code     0  startup.o(RESET)
    GPIOPortQ1_Handler                       0x00000283   Thumb Code     0  startup.o(RESET)
    GPIOPortQ2_Handler                       0x00000283   Thumb Code     0  startup.o(RESET)
    GPIOPortQ3_Handler                       0x00000283   Thumb Code     0  startup.o(RESET)
    GPIOPortQ4_Handler                       0x00000283   Thumb Code     0  startup.o(RESET)
    GPIOPortQ5_Handler                       0x00000283   Thumb Code     0  startup.o(RESET)
    GPIOPortQ6_Handler                       0x00000283   Thumb Code     0  startup.o(RESET)
    GPIOPortQ7_Handler                       0x00000283   Thumb Code     0  startup.o(RESET)
    GPIOPortQ_Handler                        0x00000283   Thumb Code     0  startup.o(RESET)
    GPIOPortR_Handler                        0x00000283   Thumb Code     0  startup.o(RESET)
    GPIOPortS_Handler                        0x00000283   Thumb Code     0  startup.o(RESET)
    Hibernate_Handler                        0x00000283   Thumb Code     0  startup.o(RESET)
    I2C0_Handler                             0x00000283   Thumb Code     0  startup.o(RESET)
    I2C1_Handler                             0x00000283   Thumb Code     0  startup.o(RESET)
    I2C2_Handler                             0x00000283   Thumb Code     0  startup.o(RESET)
    I2C3_Handler                             0x00000283   Thumb Code     0  startup.o(RESET)
    I2C4_Handler                             0x00000283   Thumb Code     0  startup.o(RESET)
    I2C5_Handler                             0x00000283   Thumb Code     0  startup.o(RESET)
    I2S0_Handler                             0x00000283   Thumb Code     0  startup.o(RESET)
    LPC0_Handler                             0x00000283   Thumb Code     0  startup.o(RESET)
    PECI0_Handler                            0x00000283   Thumb Code     0  startup.o(RESET)
    PWM0Fault_Handler                        0x00000283   Thumb Code     0  startup.o(RESET)
    PWM0Generator0_Handler                   0x00000283   Thumb Code     0  startup.o(RESET)
    PWM0Generator1_Handler                   0x00000283   Thumb Code     0  startup.o(RESET)
    PWM0Generator2_Handler                   0x00000283   Thumb Code     0  startup.o(RESET)
    PWM0Generator3_Handler                   0x00000283   Thumb Code     0  startup.o(RESET)
    PWM1Fault_Handler                        0x00000283   Thumb Code     0  startup.o(RESET)
    PWM1Generator0_Handler                   0x00000283   Thumb Code     0  startup.o(RESET)
    PWM1Generator1_Handler                   0x00000283   Thumb Code     0  startup.o(RESET)
    PWM1Generator2_Handler                   0x00000283   Thumb Code     0  startup.o(RESET)
    PWM1Generator3_Handler                   0x00000283   Thumb Code     0  startup.o(RESET)
    Quadrature0_Handler                      0x00000283   Thumb Code     0  startup.o(RESET)
    Quadrature1_Handler                      0x00000283   Thumb Code     0  startup.o(RESET)
    Quadrature2_Handler                      0x00000283   Thumb Code     0  startup.o(RESET)
    SSI0_Handler                             0x00000283   Thumb Code     0  startup.o(RESET)
    SSI1_Handler                             0x00000283   Thumb Code     0  startup.o(RESET)
    SSI2_Handler                             0x00000283   Thumb Code     0  startup.o(RESET)
    SSI3_Handler                             0x00000283   Thumb Code     0  startup.o(RESET)
    SysCtl_Handler                           0x00000283   Thumb Code     0  startup.o(RESET)
    Timer0A_Handler                          0x00000283   Thumb Code     0  startup.o(RESET)
    Timer0B_Handler                          0x00000283   Thumb Code     0  startup.o(RESET)
    Timer1A_Handler                          0x00000283   Thumb Code     0  startup.o(RESET)
    Timer1B_Handler                          0x00000283   Thumb Code     0  startup.o(RESET)
    Timer2A_Handler                          0x00000283   Thumb Code     0  startup.o(RESET)
    Timer2B_Handler                          0x00000283   Thumb Code     0  startup.o(RESET)
    Timer3A_Handler                          0x00000283   Thumb Code     0  startup.o(RESET)
    Timer3B_Handler                          0x00000283   Thumb Code     0  startup.o(RESET)
    Timer4A_Handler                          0x00000283   Thumb Code     0  startup.o(RESET)
    Timer4B_Handler                          0x00000283   Thumb Code     0  startup.o(RESET)
    Timer5A_Handler                          0x00000283   Thumb Code     0  startup.o(RESET)
    Timer5B_Handler                          0x00000283   Thumb Code     0  startup.o(RESET)
    UART1_Handler                            0x00000283   Thumb Code     0  startup.o(RESET)
    UART2_Handler                            0x00000283   Thumb Code     0  startup.o(RESET)
    UART3_Handler                            0x00000283   Thumb Code     0  startup.o(RESET)
    UART4_Handler                            0x00000283   Thumb Code     0  startup.o(RESET)
    UART5_Handler                            0x00000283   Thumb Code     0  startup.o(RESET)
    UART6_Handler                            0x00000283   Thumb Code     0  startup.o(RESET)
    UART7_Handler                            0x00000283   Thumb Code     0  startup.o(RESET)
    USB0_Handler                             0x00000283   Thumb Code     0  startup.o(RESET)
    WDT_Handler                              0x00000283   Thumb Code     0  startup.o(RESET)
    WideTimer0A_Handler                      0x00000283   Thumb Code     0  startup.o(RESET)
    WideTimer0B_Handler                      0x00000283   Thumb Code     0  startup.o(RESET)
    WideTimer1A_Handler                      0x00000283   Thumb Code     0  startup.o(RESET)
    WideTimer1B_Handler                      0x00000283   Thumb Code     0  startup.o(RESET)
    WideTimer2A_Handler                      0x00000283   Thumb Code     0  startup.o(RESET)
    WideTimer2B_Handler                      0x00000283   Thumb Code     0  startup.o(RESET)
    WideTimer3A_Handler                      0x00000283   Thumb Code     0  startup.o(RESET)
    WideTimer3B_Handler                      0x00000283   Thumb Code     0  startup.o(RESET)
    WideTimer4A_Handler                      0x00000283   Thumb Code     0  startup.o(RESET)
    WideTimer4B_Handler                      0x00000283   Thumb Code     0  startup.o(RESET)
    WideTimer5A_Handler                      0x00000283   Thumb Code     0  startup.o(RESET)
    WideTimer5B_Handler                      0x00000283   Thumb Code     0  startup.o(RESET)
    uDMA_Error                               0x00000283   Thumb Code     0  startup.o(RESET)
    uDMA_Handler                             0x00000283   Thumb Code     0  startup.o(RESET)
    __main                                   0x00000285   Thumb Code     8  __main.o(!!!main)
    __scatterload                            0x0000028d   Thumb Code     0  __scatter.o(!!!scatter)
    __scatterload_rt2                        0x0000028d   Thumb Code    84  __scatter.o(!!!scatter)
    __scatterload_rt2_thumb_only             0x0000028d   Thumb Code     0  __scatter.o(!!!scatter)
    __scatterload_loop                       0x00000297   Thumb Code     0  __scatter.o(!!!scatter)
    __scatterload_copy                       0x000002e9   Thumb Code    26  __scatter_copy.o(!!handler_copy)
    __scatterload_null                       0x00000305   Thumb Code     2  __scatter.o(!!handler_null)
    __scatterload_zeroinit                   0x00000309   Thumb Code    28  __scatter_zi.o(!!handler_zi)
    __rt_lib_init                            0x00000325   Thumb Code     0  libinit.o(.ARM.Collect$$libinit$$00000000)
    __rt_lib_init_alloca_1                   0x00000327   Thumb Code     0  libinit2.o(.ARM.Collect$$libinit$$00000030)
    __rt_lib_init_argv_1                     0x00000327   Thumb Code     0  libinit2.o(.ARM.Collect$$libinit$$0000002E)
    __rt_lib_init_atexit_1                   0x00000327   Thumb Code     0  libinit2.o(.ARM.Collect$$libinit$$0000001D)
    __rt_lib_init_clock_1                    0x00000327   Thumb Code     0  libinit2.o(.ARM.Collect$$libinit$$00000023)
    __rt_lib_init_cpp_1                      0x00000327   Thumb Code     0  libinit2.o(.ARM.Collect$$libinit$$00000034)
    __rt_lib_init_exceptions_1               0x00000327   Thumb Code     0  libinit2.o(.ARM.Collect$$libinit$$00000032)
    __rt_lib_init_fp_1                       0x00000327   Thumb Code     0  libinit2.o(.ARM.Collect$$libinit$$00000002)
    __rt_lib_init_fp_trap_1                  0x00000327   Thumb Code     0  libinit2.o(.ARM.Collect$$libinit$$00000021)
    __rt_lib_init_getenv_1                   0x00000327   Thumb Code     0  libinit2.o(.ARM.Collect$$libinit$$00000025)
    __rt_lib_init_heap_1                     0x00000327   Thumb Code     0  libinit2.o(.ARM.Collect$$libinit$$0000000C)
    __rt_lib_init_lc_collate_1               0x00000327   Thumb Code     0  libinit2.o(.ARM.Collect$$libinit$$00000013)
    __rt_lib_init_lc_ctype_1                 0x00000327   Thumb Code     0  libinit2.o(.ARM.Collect$$libinit$$00000015)
    __rt_lib_init_lc_monetary_1              0x00000327   Thumb Code     0  libinit2.o(.ARM.Collect$$libinit$$00000017)
    __rt_lib_init_lc_numeric_1               0x00000327   Thumb Code     0  libinit2.o(.ARM.Collect$$libinit$$00000019)
    __rt_lib_init_lc_time_1                  0x00000327   Thumb Code     0  libinit2.o(.ARM.Collect$$libinit$$0000001B)
    __rt_lib_init_preinit_1                  0x00000327   Thumb Code     0  libinit2.o(.ARM.Collect$$libinit$$00000006)
    __rt_lib_init_rand_1                     0x00000327   Thumb Code     0  libinit2.o(.ARM.Collect$$libinit$$00000010)
    __rt_lib_init_relocate_pie_1             0x00000327   Thumb Code     0  libinit2.o(.ARM.Collect$$libinit$$00000004)
    __rt_lib_init_return                     0x00000327   Thumb Code     0  libinit2.o(.ARM.Collect$$libinit$$00000035)
    __rt_lib_init_signal_1                   0x00000327   Thumb Code     0  libinit2.o(.ARM.Collect$$libinit$$0000001F)
    __rt_lib_init_stdio_1                    0x00000327   Thumb Code     0  libinit2.o(.ARM.Collect$$libinit$$00000027)
    __rt_lib_init_user_alloc_1               0x00000327   Thumb Code     0  libinit2.o(.ARM.Collect$$libinit$$0000000E)
    __rt_lib_shutdown                        0x00000329   Thumb Code     0  libshutdown.o(.ARM.Collect$$libshutdown$$00000000)
    __rt_lib_shutdown_cpp_1                  0x0000032b   Thumb Code     0  libshutdown2.o(.ARM.Collect$$libshutdown$$00000002)
    __rt_lib_shutdown_fp_trap_1              0x0000032b   Thumb Code     0  libshutdown2.o(.ARM.Collect$$libshutdown$$00000007)
    __rt_lib_shutdown_heap_1                 0x0000032b   Thumb Code     0  libshutdown2.o(.ARM.Collect$$libshutdown$$0000000F)
    __rt_lib_shutdown_return                 0x0000032b   Thumb Code     0  libshutdown2.o(.ARM.Collect$$libshutdown$$00000010)
    __rt_lib_shutdown_signal_1               0x0000032b   Thumb Code     0  libshutdown2.o(.ARM.Collect$$libshutdown$$0000000A)
    __rt_lib_shutdown_stdio_1                0x0000032b   Thumb Code     0  libshutdown2.o(.ARM.Collect$$libshutdown$$00000004)
    __rt_lib_shutdown_user_alloc_1           0x0000032b   Thumb Code     0  libshutdown2.o(.ARM.Collect$$libshutdown$$0000000C)
    __rt_entry                               0x0000032d   Thumb Code     0  __rtentry.o(.ARM.Collect$$rtentry$$00000000)
    __rt_entry_presh_1                       0x0000032d   Thumb Code     0  __rtentry2.o(.ARM.Collect$$rtentry$$00000002)
    __rt_entry_sh                            0x0000032d   Thumb Code     0  __rtentry4.o(.ARM.Collect$$rtentry$$00000004)
    __rt_entry_li                            0x00000333   Thumb Code     0  __rtentry2.o(.ARM.Collect$$rtentry$$0000000A)
    __rt_entry_postsh_1                      0x00000333   Thumb Code     0  __rtentry2.o(.ARM.Collect$$rtentry$$00000009)
    __rt_entry_main                          0x00000337   Thumb Code     0  __rtentry2.o(.ARM.Collect$$rtentry$$0000000D)
    __rt_entry_postli_1                      0x00000337   Thumb Code     0  __rtentry2.o(.ARM.Collect$$rtentry$$0000000C)
    __rt_exit                                0x0000033f   Thumb Code     0  rtexit.o(.ARM.Collect$$rtexit$$00000000)
    __rt_exit_ls                             0x00000341   Thumb Code     0  rtexit2.o(.ARM.Collect$$rtexit$$00000003)
    __rt_exit_prels_1                        0x00000341   Thumb Code     0  rtexit2.o(.ARM.Collect$$rtexit$$00000002)
    __rt_exit_exit                           0x00000345   Thumb Code     0  rtexit2.o(.ARM.Collect$$rtexit$$00000004)
    DisableInterrupts                        0x0000034d   Thumb Code     0  startup.o(.text)
    EnableInterrupts                         0x00000351   Thumb Code     0  startup.o(.text)
    StartCritical                            0x00000355   Thumb Code     0  startup.o(.text)
    EndCritical                              0x0000035d   Thumb Code     0  startup.o(.text)
    WaitForInterrupt                         0x00000363   Thumb Code     0  startup.o(.text)
    __user_initial_stackheap                 0x00000367   Thumb Code     0  startup.o(.text)
    __use_two_region_memory                  0x0000037d   Thumb Code     2  heapauxi.o(.text)
    __rt_heap_escrow$2region                 0x0000037f   Thumb Code     2  heapauxi.o(.text)
    __rt_heap_expand$2region                 0x00000381   Thumb Code     2  heapauxi.o(.text)
    __read_errno                             0x00000383   Thumb Code    10  _rserrno.o(.text)
    __set_errno                              0x0000038d   Thumb Code    12  _rserrno.o(.text)
    __aeabi_errno_addr                       0x00000399   Thumb Code     8  rt_errno_addr_intlibspace.o(.text)
    __errno$intlibspace                      0x00000399   Thumb Code     0  rt_errno_addr_intlibspace.o(.text)
    __rt_errno_addr$intlibspace              0x00000399   Thumb Code     0  rt_errno_addr_intlibspace.o(.text)
    __user_libspace                          0x000003a1   Thumb Code     8  libspace.o(.text)
    __user_perproc_libspace                  0x000003a1   Thumb Code     0  libspace.o(.text)
    __user_perthread_libspace                0x000003a1   Thumb Code     0  libspace.o(.text)
    __user_setup_stackheap                   0x000003a9   Thumb Code    74  sys_stackheap_outer.o(.text)
    exit                                     0x000003f3   Thumb Code    18  exit.o(.text)
    _sys_exit                                0x00000405   Thumb Code     8  sys_exit.o(.text)
    __I$use$semihosting                      0x00000411   Thumb Code     0  use_no_semi.o(.text)
    __use_no_semihosting_swi                 0x00000411   Thumb Code     2  use_no_semi.o(.text)
    __semihosting_library_function           0x00000413   Thumb Code     0  indicate_semi.o(.text)
    DELAY_1MS                                0x00000415   Thumb Code   128  wtimer.o(.text.DELAY_1MS)
    GPIOPortF_Handler                        0x00000495   Thumb Code   254  buttonled.o(.text.GPIOPortF_Handler)
    I2C_Init                                 0x00000595   Thumb Code   180  i2c.o(.text.I2C_Init)
    I2C_Receive                              0x00000649   Thumb Code   242  i2c.o(.text.I2C_Receive)
    I2C_Transmit                             0x0000073d   Thumb Code   212  i2c.o(.text.I2C_Transmit)
    MPU6050_Get_Accel                        0x00000811   Thumb Code   142  mpu6050.o(.text.MPU6050_Get_Accel)
    MPU6050_Get_Angle                        0x000008a1   Thumb Code   270  mpu6050.o(.text.MPU6050_Get_Angle)
    MPU6050_Get_Gyro                         0x000009b1   Thumb Code   142  mpu6050.o(.text.MPU6050_Get_Gyro)
    MPU6050_Init                             0x00000a41   Thumb Code   156  mpu6050.o(.text.MPU6050_Init)
    MPU6050_Process_Accel                    0x00000add   Thumb Code   448  mpu6050.o(.text.MPU6050_Process_Accel)
    MPU6050_Process_Gyro                     0x00000c9d   Thumb Code   460  mpu6050.o(.text.MPU6050_Process_Gyro)
    Module_6_Test                            0x00000e69   Thumb Code   430  moduletest.o(.text.Module_6_Test)
    OutCRLF                                  0x00001019   Thumb Code    16  uart.o(.text.OutCRLF)
    PLL_Init                                 0x00001029   Thumb Code   132  pll.o(.text.PLL_Init)
    System_Init                              0x000010ad   Thumb Code    28  moduletest.o(.text.System_Init)
    UART0_Handler                            0x000010c9   Thumb Code   124  uart.o(.text.UART0_Handler)
    UART_Init                                0x00001145   Thumb Code   336  uart.o(.text.UART_Init)
    UART_OutChar                             0x00001295   Thumb Code    46  uart.o(.text.UART_OutChar)
    UART_OutSDec                             0x000012c5   Thumb Code    40  moduletest.o(.text.UART_OutSDec)
    UART_OutString                           0x000012ed   Thumb Code    36  uart.o(.text.UART_OutString)
    UART_OutUDec                             0x00001311   Thumb Code    72  uart.o(.text.UART_OutUDec)
    UART_OutUHex                             0x00001359   Thumb Code    72  uart.o(.text.UART_OutUHex)
    WTIMER_Init                              0x000013a1   Thumb Code   116  wtimer.o(.text.WTIMER_Init)
    main                                     0x00001415   Thumb Code    26  moduletest.o(.text.main)
    rb_Init                                  0x00001431   Thumb Code    18  uart.o(.text.rb_Init)
    rb_put                                   0x00001445   Thumb Code    80  uart.o(.text.rb_put)
    __ARM_fpclassify                         0x00001495   Thumb Code    40  fpclassify.o(i.__ARM_fpclassify)
    __kernel_poly                            0x000014bd   Thumb Code   170  poly.o(i.__kernel_poly)
    __mathlib_dbl_infnan                     0x00001567   Thumb Code     6  dunder.o(i.__mathlib_dbl_infnan)
    __mathlib_dbl_infnan2                    0x0000156d   Thumb Code     4  dunder.o(i.__mathlib_dbl_infnan2)
    __mathlib_dbl_underflow                  0x00001571   Thumb Code    10  dunder.o(i.__mathlib_dbl_underflow)
    atan                                     0x00001581   Thumb Code   474  atan.o(i.atan)
    atan2                                    0x000017a1   Thumb Code   374  atan2.o(i.atan2)
    sqrt                                     0x0000193d   Thumb Code    76  sqrt.o(i.sqrt)
    __aeabi_d2f                              0x00001989   Thumb Code     0  d2f.o(x$fpl$d2f)
    _d2f                                     0x00001989   Thumb Code    98  d2f.o(x$fpl$d2f)
    __aeabi_dadd                             0x000019ed   Thumb Code     0  daddsub_clz.o(x$fpl$dadd)
    _dadd                                    0x000019ed   Thumb Code   332  daddsub_clz.o(x$fpl$dadd)
    __fpl_dcheck_NaN1                        0x00001b3d   Thumb Code    10  dcheck1.o(x$fpl$dcheck1)
    __fpl_dcmp_Inf                           0x00001b4d   Thumb Code    24  dcmpi.o(x$fpl$dcmpinf)
    __aeabi_ddiv                             0x00001b65   Thumb Code     0  ddiv.o(x$fpl$ddiv)
    _ddiv                                    0x00001b65   Thumb Code   556  ddiv.o(x$fpl$ddiv)
    __aeabi_cdcmpeq                          0x00001e19   Thumb Code     0  deqf.o(x$fpl$deqf)
    _dcmpeq                                  0x00001e19   Thumb Code   120  deqf.o(x$fpl$deqf)
    __aeabi_i2d                              0x00001e91   Thumb Code     0  dflt_clz.o(x$fpl$dflt)
    _dflt                                    0x00001e91   Thumb Code    46  dflt_clz.o(x$fpl$dflt)
    __aeabi_dmul                             0x00001ec1   Thumb Code     0  dmul.o(x$fpl$dmul)
    _dmul                                    0x00001ec1   Thumb Code   332  dmul.o(x$fpl$dmul)
    __fpl_dnaninf                            0x00002015   Thumb Code   156  dnaninf.o(x$fpl$dnaninf)
    __fpl_dretinf                            0x000020b1   Thumb Code    12  dretinf.o(x$fpl$dretinf)
    __aeabi_drsub                            0x000020bd   Thumb Code     0  daddsub_clz.o(x$fpl$drsb)
    _drsb                                    0x000020bd   Thumb Code    22  daddsub_clz.o(x$fpl$drsb)
    _dsqrt                                   0x000020d5   Thumb Code   404  dsqrt_umaal.o(x$fpl$dsqrt)
    __aeabi_dsub                             0x0000226d   Thumb Code     0  daddsub_clz.o(x$fpl$dsub)
    _dsub                                    0x0000226d   Thumb Code   472  daddsub_clz.o(x$fpl$dsub)
    __aeabi_f2d                              0x00002449   Thumb Code     0  f2d.o(x$fpl$f2d)
    _f2d                                     0x00002449   Thumb Code    86  f2d.o(x$fpl$f2d)
    __aeabi_fadd                             0x000024a1   Thumb Code     0  faddsub_clz.o(x$fpl$fadd)
    _fadd                                    0x000024a1   Thumb Code   196  faddsub_clz.o(x$fpl$fadd)
    __aeabi_f2iz                             0x00002565   Thumb Code     0  ffix.o(x$fpl$ffix)
    _ffix                                    0x00002565   Thumb Code    54  ffix.o(x$fpl$ffix)
    __aeabi_fmul                             0x0000259d   Thumb Code     0  fmul.o(x$fpl$fmul)
    _fmul                                    0x0000259d   Thumb Code   258  fmul.o(x$fpl$fmul)
    __fpl_fnaninf                            0x0000269f   Thumb Code   140  fnaninf.o(x$fpl$fnaninf)
    __fpl_fretinf                            0x0000272b   Thumb Code    10  fretinf.o(x$fpl$fretinf)
    __aeabi_fsub                             0x00002735   Thumb Code     0  faddsub_clz.o(x$fpl$fsub)
    _fsub                                    0x00002735   Thumb Code   234  faddsub_clz.o(x$fpl$fsub)
    __fpl_return_NaN                         0x0000281f   Thumb Code   100  retnan.o(x$fpl$retnan)
    __ARM_scalbn                             0x00002883   Thumb Code    92  scalbn.o(x$fpl$scalbn)
    __fpl_cmpreturn                          0x000028df   Thumb Code    48  trapv.o(x$fpl$trapveneer)
    __I$use$fp                               0x0000290e   Number         0  usenofp.o(x$fpl$usenofp)
    __mathlib_zero                           0x000029a8   Data           8  qnan.o(.constdata)
    Region$$Table$$Base                      0x00002a84   Number         0  anon$$obj.o(Region$$Table)
    Region$$Table$$Limit                     0x00002aa4   Number         0  anon$$obj.o(Region$$Table)
    RxInterruptEnabled                       0x20000000   Data           1  uart.o(.data.RxInterruptEnabled)
    __libspace_start                         0x20000008   Data          96  libspace.o(.bss)
    RxRB                                     0x20000068   Data          68  uart.o(.bss.RxRB)
    __temporary_stack_top$libspace           0x20000068   Data           0  libspace.o(.bss)
    ledState                                 0x200000ac   Data           4  buttonled.o(.bss.ledState)



==============================================================================

Memory Map of the image

  Image Entry point : 0x0000026d

  Load Region LR_1 (Base: 0x00000000, Size: 0x00002aa8, Max: 0xffffffff, ABSOLUTE)

    Execution Region ER_RO (Exec base: 0x00000000, Load base: 0x00000000, Size: 0x00002aa4, Max: 0xffffffff, ABSOLUTE)

    Exec Addr    Load Addr    Size         Type   Attr      Idx    E Section Name        Object

    0x00000000   0x00000000   0x00000284   Code   RO            4  * RESET               startup.o
    0x00000284   0x00000284   0x00000008   Code   RO          159  * !!!main             c_w.l(__main.o)
    0x0000028c   0x0000028c   0x0000005c   Code   RO          420    !!!scatter          c_w.l(__scatter.o)
    0x000002e8   0x000002e8   0x0000001a   Code   RO          424    !!handler_copy      c_w.l(__scatter_copy.o)
    0x00000302   0x00000302   0x00000002   PAD
    0x00000304   0x00000304   0x00000002   Code   RO          421    !!handler_null      c_w.l(__scatter.o)
    0x00000306   0x00000306   0x00000002   PAD
    0x00000308   0x00000308   0x0000001c   Code   RO          426    !!handler_zi        c_w.l(__scatter_zi.o)
    0x00000324   0x00000324   0x00000002   Code   RO          279    .ARM.Collect$$libinit$$00000000  c_w.l(libinit.o)
    0x00000326   0x00000326   0x00000000   Code   RO          285    .ARM.Collect$$libinit$$00000002  c_w.l(libinit2.o)
    0x00000326   0x00000326   0x00000000   Code   RO          287    .ARM.Collect$$libinit$$00000004  c_w.l(libinit2.o)
    0x00000326   0x00000326   0x00000000   Code   RO          289    .ARM.Collect$$libinit$$00000006  c_w.l(libinit2.o)
    0x00000326   0x00000326   0x00000000   Code   RO          292    .ARM.Collect$$libinit$$0000000C  c_w.l(libinit2.o)
    0x00000326   0x00000326   0x00000000   Code   RO          294    .ARM.Collect$$libinit$$0000000E  c_w.l(libinit2.o)
    0x00000326   0x00000326   0x00000000   Code   RO          296    .ARM.Collect$$libinit$$00000010  c_w.l(libinit2.o)
    0x00000326   0x00000326   0x00000000   Code   RO          299    .ARM.Collect$$libinit$$00000013  c_w.l(libinit2.o)
    0x00000326   0x00000326   0x00000000   Code   RO          301    .ARM.Collect$$libinit$$00000015  c_w.l(libinit2.o)
    0x00000326   0x00000326   0x00000000   Code   RO          303    .ARM.Collect$$libinit$$00000017  c_w.l(libinit2.o)
    0x00000326   0x00000326   0x00000000   Code   RO          305    .ARM.Collect$$libinit$$00000019  c_w.l(libinit2.o)
    0x00000326   0x00000326   0x00000000   Code   RO          307    .ARM.Collect$$libinit$$0000001B  c_w.l(libinit2.o)
    0x00000326   0x00000326   0x00000000   Code   RO          309    .ARM.Collect$$libinit$$0000001D  c_w.l(libinit2.o)
    0x00000326   0x00000326   0x00000000   Code   RO          311    .ARM.Collect$$libinit$$0000001F  c_w.l(libinit2.o)
    0x00000326   0x00000326   0x00000000   Code   RO          313    .ARM.Collect$$libinit$$00000021  c_w.l(libinit2.o)
    0x00000326   0x00000326   0x00000000   Code   RO          315    .ARM.Collect$$libinit$$00000023  c_w.l(libinit2.o)
    0x00000326   0x00000326   0x00000000   Code   RO          317    .ARM.Collect$$libinit$$00000025  c_w.l(libinit2.o)
    0x00000326   0x00000326   0x00000000   Code   RO          319    .ARM.Collect$$libinit$$00000027  c_w.l(libinit2.o)
    0x00000326   0x00000326   0x00000000   Code   RO          323    .ARM.Collect$$libinit$$0000002E  c_w.l(libinit2.o)
    0x00000326   0x00000326   0x00000000   Code   RO          325    .ARM.Collect$$libinit$$00000030  c_w.l(libinit2.o)
    0x00000326   0x00000326   0x00000000   Code   RO          327    .ARM.Collect$$libinit$$00000032  c_w.l(libinit2.o)
    0x00000326   0x00000326   0x00000000   Code   RO          329    .ARM.Collect$$libinit$$00000034  c_w.l(libinit2.o)
    0x00000326   0x00000326   0x00000002   Code   RO          330    .ARM.Collect$$libinit$$00000035  c_w.l(libinit2.o)
    0x00000328   0x00000328   0x00000002   Code   RO          356    .ARM.Collect$$libshutdown$$00000000  c_w.l(libshutdown.o)
    0x0000032a   0x0000032a   0x00000000   Code   RO          371    .ARM.Collect$$libshutdown$$00000002  c_w.l(libshutdown2.o)
    0x0000032a   0x0000032a   0x00000000   Code   RO          373    .ARM.Collect$$libshutdown$$00000004  c_w.l(libshutdown2.o)
    0x0000032a   0x0000032a   0x00000000   Code   RO          376    .ARM.Collect$$libshutdown$$00000007  c_w.l(libshutdown2.o)
    0x0000032a   0x0000032a   0x00000000   Code   RO          379    .ARM.Collect$$libshutdown$$0000000A  c_w.l(libshutdown2.o)
    0x0000032a   0x0000032a   0x00000000   Code   RO          381    .ARM.Collect$$libshutdown$$0000000C  c_w.l(libshutdown2.o)
    0x0000032a   0x0000032a   0x00000000   Code   RO          384    .ARM.Collect$$libshutdown$$0000000F  c_w.l(libshutdown2.o)
    0x0000032a   0x0000032a   0x00000002   Code   RO          385    .ARM.Collect$$libshutdown$$00000010  c_w.l(libshutdown2.o)
    0x0000032c   0x0000032c   0x00000000   Code   RO          197    .ARM.Collect$$rtentry$$00000000  c_w.l(__rtentry.o)
    0x0000032c   0x0000032c   0x00000000   Code   RO          240    .ARM.Collect$$rtentry$$00000002  c_w.l(__rtentry2.o)
    0x0000032c   0x0000032c   0x00000006   Code   RO          252    .ARM.Collect$$rtentry$$00000004  c_w.l(__rtentry4.o)
    0x00000332   0x00000332   0x00000000   Code   RO          242    .ARM.Collect$$rtentry$$00000009  c_w.l(__rtentry2.o)
    0x00000332   0x00000332   0x00000004   Code   RO          243    .ARM.Collect$$rtentry$$0000000A  c_w.l(__rtentry2.o)
    0x00000336   0x00000336   0x00000000   Code   RO          245    .ARM.Collect$$rtentry$$0000000C  c_w.l(__rtentry2.o)
    0x00000336   0x00000336   0x00000008   Code   RO          246    .ARM.Collect$$rtentry$$0000000D  c_w.l(__rtentry2.o)
    0x0000033e   0x0000033e   0x00000002   Code   RO          282    .ARM.Collect$$rtexit$$00000000  c_w.l(rtexit.o)
    0x00000340   0x00000340   0x00000000   Code   RO          334    .ARM.Collect$$rtexit$$00000002  c_w.l(rtexit2.o)
    0x00000340   0x00000340   0x00000004   Code   RO          335    .ARM.Collect$$rtexit$$00000003  c_w.l(rtexit2.o)
    0x00000344   0x00000344   0x00000006   Code   RO          336    .ARM.Collect$$rtexit$$00000004  c_w.l(rtexit2.o)
    0x0000034a   0x0000034a   0x00000002   PAD
    0x0000034c   0x0000034c   0x00000030   Code   RO            5    .text               startup.o
    0x0000037c   0x0000037c   0x00000006   Code   RO          157    .text               c_w.l(heapauxi.o)
    0x00000382   0x00000382   0x00000016   Code   RO          198    .text               c_w.l(_rserrno.o)
    0x00000398   0x00000398   0x00000008   Code   RO          257    .text               c_w.l(rt_errno_addr_intlibspace.o)
    0x000003a0   0x000003a0   0x00000008   Code   RO          267    .text               c_w.l(libspace.o)
    0x000003a8   0x000003a8   0x0000004a   Code   RO          270    .text               c_w.l(sys_stackheap_outer.o)
    0x000003f2   0x000003f2   0x00000012   Code   RO          272    .text               c_w.l(exit.o)
    0x00000404   0x00000404   0x0000000c   Code   RO          346    .text               c_w.l(sys_exit.o)
    0x00000410   0x00000410   0x00000002   Code   RO          361    .text               c_w.l(use_no_semi.o)
    0x00000412   0x00000412   0x00000000   Code   RO          363    .text               c_w.l(indicate_semi.o)
    0x00000412   0x00000412   0x00000002   PAD
    0x00000414   0x00000414   0x00000080   Code   RO           30    .text.DELAY_1MS     wtimer.o
    0x00000494   0x00000494   0x000000fe   Code   RO           18    .text.GPIOPortF_Handler  buttonled.o
    0x00000592   0x00000592   0x00000002   PAD
    0x00000594   0x00000594   0x000000b4   Code   RO          117    .text.I2C_Init      i2c.o
    0x00000648   0x00000648   0x000000f2   Code   RO          119    .text.I2C_Receive   i2c.o
    0x0000073a   0x0000073a   0x00000002   PAD
    0x0000073c   0x0000073c   0x000000d4   Code   RO          121    .text.I2C_Transmit  i2c.o
    0x00000810   0x00000810   0x0000008e   Code   RO          136    .text.MPU6050_Get_Accel  mpu6050.o
    0x0000089e   0x0000089e   0x00000002   PAD
    0x000008a0   0x000008a0   0x0000010e   Code   RO          144    .text.MPU6050_Get_Angle  mpu6050.o
    0x000009ae   0x000009ae   0x00000002   PAD
    0x000009b0   0x000009b0   0x0000008e   Code   RO          138    .text.MPU6050_Get_Gyro  mpu6050.o
    0x00000a3e   0x00000a3e   0x00000002   PAD
    0x00000a40   0x00000a40   0x0000009c   Code   RO          134    .text.MPU6050_Init  mpu6050.o
    0x00000adc   0x00000adc   0x000001c0   Code   RO          140    .text.MPU6050_Process_Accel  mpu6050.o
    0x00000c9c   0x00000c9c   0x000001cc   Code   RO          142    .text.MPU6050_Process_Gyro  mpu6050.o
    0x00000e68   0x00000e68   0x000001ae   Code   RO           43    .text.Module_6_Test  moduletest.o
    0x00001016   0x00001016   0x00000002   PAD
    0x00001018   0x00001018   0x00000010   Code   RO           82    .text.OutCRLF       uart.o
    0x00001028   0x00001028   0x00000084   Code   RO           58    .text.PLL_Init      pll.o
    0x000010ac   0x000010ac   0x0000001c   Code   RO           41    .text.System_Init   moduletest.o
    0x000010c8   0x000010c8   0x0000007c   Code   RO           80    .text.UART0_Handler  uart.o
    0x00001144   0x00001144   0x00000150   Code   RO           78    .text.UART_Init     uart.o
    0x00001294   0x00001294   0x0000002e   Code   RO           84    .text.UART_OutChar  uart.o
    0x000012c2   0x000012c2   0x00000002   PAD
    0x000012c4   0x000012c4   0x00000028   Code   RO           45    .text.UART_OutSDec  moduletest.o
    0x000012ec   0x000012ec   0x00000024   Code   RO           88    .text.UART_OutString  uart.o
    0x00001310   0x00001310   0x00000048   Code   RO           92    .text.UART_OutUDec  uart.o
    0x00001358   0x00001358   0x00000048   Code   RO           96    .text.UART_OutUHex  uart.o
    0x000013a0   0x000013a0   0x00000074   Code   RO           28    .text.WTIMER_Init   wtimer.o
    0x00001414   0x00001414   0x0000001a   Code   RO           39    .text.main          moduletest.o
    0x0000142e   0x0000142e   0x00000002   PAD
    0x00001430   0x00001430   0x00000012   Code   RO           66    .text.rb_Init       uart.o
    0x00001442   0x00001442   0x00000002   PAD
    0x00001444   0x00001444   0x00000050   Code   RO           72    .text.rb_put        uart.o
    0x00001494   0x00001494   0x00000028   Code   RO          263    i.__ARM_fpclassify  m_ws.l(fpclassify.o)
    0x000014bc   0x000014bc   0x000000aa   Code   RO          265    i.__kernel_poly     m_ws.l(poly.o)
    0x00001566   0x00001566   0x00000006   Code   RO          225    i.__mathlib_dbl_infnan  m_ws.l(dunder.o)
    0x0000156c   0x0000156c   0x00000004   Code   RO          226    i.__mathlib_dbl_infnan2  m_ws.l(dunder.o)
    0x00001570   0x00001570   0x00000010   Code   RO          230    i.__mathlib_dbl_underflow  m_ws.l(dunder.o)
    0x00001580   0x00001580   0x00000220   Code   RO          220    i.atan              m_ws.l(atan.o)
    0x000017a0   0x000017a0   0x0000019c   Code   RO          190    i.atan2             m_ws.l(atan2.o)
    0x0000193c   0x0000193c   0x0000004c   Code   RO          194    i.sqrt              m_ws.l(sqrt.o)
    0x00001988   0x00001988   0x00000062   Code   RO          161    x$fpl$d2f           fz_ws.l(d2f.o)
    0x000019ea   0x000019ea   0x00000002   PAD
    0x000019ec   0x000019ec   0x00000150   Code   RO          200    x$fpl$dadd          fz_ws.l(daddsub_clz.o)
    0x00001b3c   0x00001b3c   0x00000010   Code   RO          280    x$fpl$dcheck1       fz_ws.l(dcheck1.o)
    0x00001b4c   0x00001b4c   0x00000018   Code   RO          259    x$fpl$dcmpinf       fz_ws.l(dcmpi.o)
    0x00001b64   0x00001b64   0x000002b4   Code   RO          164    x$fpl$ddiv          fz_ws.l(ddiv.o)
    0x00001e18   0x00001e18   0x00000078   Code   RO          206    x$fpl$deqf          fz_ws.l(deqf.o)
    0x00001e90   0x00001e90   0x0000002e   Code   RO          168    x$fpl$dflt          fz_ws.l(dflt_clz.o)
    0x00001ebe   0x00001ebe   0x00000002   PAD
    0x00001ec0   0x00001ec0   0x00000154   Code   RO          173    x$fpl$dmul          fz_ws.l(dmul.o)
    0x00002014   0x00002014   0x0000009c   Code   RO          208    x$fpl$dnaninf       fz_ws.l(dnaninf.o)
    0x000020b0   0x000020b0   0x0000000c   Code   RO          210    x$fpl$dretinf       fz_ws.l(dretinf.o)
    0x000020bc   0x000020bc   0x00000016   Code   RO          201    x$fpl$drsb          fz_ws.l(daddsub_clz.o)
    0x000020d2   0x000020d2   0x00000002   PAD
    0x000020d4   0x000020d4   0x00000198   Code   RO          212    x$fpl$dsqrt         fz_ws.l(dsqrt_umaal.o)
    0x0000226c   0x0000226c   0x000001dc   Code   RO          202    x$fpl$dsub          fz_ws.l(daddsub_clz.o)
    0x00002448   0x00002448   0x00000056   Code   RO          175    x$fpl$f2d           fz_ws.l(f2d.o)
    0x0000249e   0x0000249e   0x00000002   PAD
    0x000024a0   0x000024a0   0x000000c4   Code   RO          177    x$fpl$fadd          fz_ws.l(faddsub_clz.o)
    0x00002564   0x00002564   0x00000036   Code   RO          183    x$fpl$ffix          fz_ws.l(ffix.o)
    0x0000259a   0x0000259a   0x00000002   PAD
    0x0000259c   0x0000259c   0x00000102   Code   RO          187    x$fpl$fmul          fz_ws.l(fmul.o)
    0x0000269e   0x0000269e   0x0000008c   Code   RO          214    x$fpl$fnaninf       fz_ws.l(fnaninf.o)
    0x0000272a   0x0000272a   0x0000000a   Code   RO          216    x$fpl$fretinf       fz_ws.l(fretinf.o)
    0x00002734   0x00002734   0x000000ea   Code   RO          179    x$fpl$fsub          fz_ws.l(faddsub_clz.o)
    0x0000281e   0x0000281e   0x00000064   Code   RO          331    x$fpl$retnan        fz_ws.l(retnan.o)
    0x00002882   0x00002882   0x0000005c   Code   RO          261    x$fpl$scalbn        fz_ws.l(scalbn.o)
    0x000028de   0x000028de   0x00000030   Code   RO          344    x$fpl$trapveneer    fz_ws.l(trapv.o)
    0x0000290e   0x0000290e   0x00000000   Code   RO          218    x$fpl$usenofp       fz_ws.l(usenofp.o)
    0x0000290e   0x0000290e   0x00000002   PAD
    0x00002910   0x00002910   0x00000098   Data   RO          221    .constdata          m_ws.l(atan.o)
    0x000029a8   0x000029a8   0x00000008   Data   RO          238    .constdata          m_ws.l(qnan.o)
    0x000029b0   0x000029b0   0x0000008d   Data   RO           49    .rodata.str1.1      moduletest.o
    0x00002a3d   0x00002a3d   0x00000044   Data   RO          148    .rodata.str1.1      mpu6050.o
    0x00002a81   0x00002a81   0x00000003   PAD
    0x00002a84   0x00002a84   0x00000020   Data   RO          419    Region$$Table       anon$$obj.o


    Execution Region ER_RW (Exec base: 0x20000000, Load base: 0x00002aa4, Size: 0x00000004, Max: 0xffffffff, ABSOLUTE)

    Exec Addr    Load Addr    Size         Type   Attr      Idx    E Section Name        Object

    0x20000000   0x00002aa4   0x00000001   Data   RW          100    .data.RxInterruptEnabled  uart.o


    Execution Region ER_ZI (Exec base: 0x20000008, Load base: 0x00002aa8, Size: 0x000004a8, Max: 0xffffffff, ABSOLUTE)

    Exec Addr    Load Addr    Size         Type   Attr      Idx    E Section Name        Object

    0x20000008        -       0x00000060   Zero   RW          268    .bss                c_w.l(libspace.o)
    0x20000068        -       0x00000044   Zero   RW          101    .bss.RxRB           uart.o
    0x200000ac        -       0x00000004   Zero   RW           20    .bss.ledState       buttonled.o
    0x200000b0        -       0x00000000   Zero   RW            3    HEAP                startup.o
    0x200000b0        -       0x00000400   Zero   RW            2    STACK               startup.o


==============================================================================

Image component sizes


      Code (inc. data)   RO Data    RW Data    ZI Data      Debug   Object Name

       254          0          0          0          4        930   buttonled.o
       634          0          0          0          0       1733   i2c.o
       524          0        141          0          0       2246   moduletest.o
      1618         52         68          0          0       3340   mpu6050.o
       132          0          0          0          0        485   pll.o
       692        632          0          0       1024       1044   startup.o
       800          0          0          1         68       4018   uart.o
       244          0          0          0          0        860   wtimer.o

    ----------------------------------------------------------------------
      4916        684        244          4       1096      14656   Object Totals
         0          0         32          0          0          0   (incl. Generated)
        18          0          3          3          0          0   (incl. Padding)

    ----------------------------------------------------------------------

      Code (inc. data)   RO Data    RW Data    ZI Data      Debug   Library Member Name

         8          0          0          0          0         68   __main.o
         0          0          0          0          0          0   __rtentry.o
        12          0          0          0          0          0   __rtentry2.o
         6          0          0          0          0          0   __rtentry4.o
        94          8          0          0          0          0   __scatter.o
        26          0          0          0          0          0   __scatter_copy.o
        28          0          0          0          0          0   __scatter_zi.o
        22          0          0          0          0        100   _rserrno.o
        18          0          0          0          0         80   exit.o
         6          0          0          0          0        152   heapauxi.o
         0          0          0          0          0          0   indicate_semi.o
         2          0          0          0          0          0   libinit.o
         2          0          0          0          0          0   libinit2.o
         2          0          0          0          0          0   libshutdown.o
         2          0          0          0          0          0   libshutdown2.o
         8          4          0          0         96         68   libspace.o
         8          4          0          0          0         68   rt_errno_addr_intlibspace.o
         2          0          0          0          0          0   rtexit.o
        10          0          0          0          0          0   rtexit2.o
        12          4          0          0          0         68   sys_exit.o
        74          0          0          0          0         80   sys_stackheap_outer.o
         2          0          0          0          0         68   use_no_semi.o
        98          4          0          0          0         92   d2f.o
       834         16          0          0          0        372   daddsub_clz.o
        16          4          0          0          0         68   dcheck1.o
        24          0          0          0          0         68   dcmpi.o
       692        140          0          0          0        216   ddiv.o
       120          4          0          0          0         92   deqf.o
        46          0          0          0          0         68   dflt_clz.o
       340         12          0          0          0        104   dmul.o
       156          4          0          0          0         92   dnaninf.o
        12          0          0          0          0         68   dretinf.o
       408         56          0          0          0        120   dsqrt_umaal.o
        86          4          0          0          0         84   f2d.o
       430          8          0          0          0        168   faddsub_clz.o
        54          4          0          0          0         84   ffix.o
       258          4          0          0          0         84   fmul.o
       140          4          0          0          0         84   fnaninf.o
        10          0          0          0          0         68   fretinf.o
       100          0          0          0          0         68   retnan.o
        92          0          0          0          0         68   scalbn.o
        48          0          0          0          0         68   trapv.o
         0          0          0          0          0          0   usenofp.o
       544         70        152          0          0        124   atan.o
       412         38          0          0          0        144   atan2.o
        26          6          0          0          0        204   dunder.o
        40          0          0          0          0         68   fpclassify.o
       170          0          0          0          0         96   poly.o
         0          0          8          0          0          0   qnan.o
        76          0          0          0          0         84   sqrt.o

    ----------------------------------------------------------------------
      5596        398        160          0         96       3608   Library Totals
        20          0          0          0          0          0   (incl. Padding)

    ----------------------------------------------------------------------

      Code (inc. data)   RO Data    RW Data    ZI Data      Debug   Library Name

       344         20          0          0         96        752   c_w.l
      3964        264          0          0          0       2136   fz_ws.l
      1268        114        160          0          0        720   m_ws.l

    ----------------------------------------------------------------------
      5596        398        160          0         96       3608   Library Totals

    ----------------------------------------------------------------------

==============================================================================


      Code (inc. data)   RO Data    RW Data    ZI Data      Debug   

     10512       1082        404          4       1192      16388   Grand Totals
     10512       1082        404          4       1192      16388   ELF Image Totals
     10512       1082        404          4          0          0   ROM Totals

==============================================================================

    Total RO  Size (Code + RO Data)                10916 (  10.66kB)
    Total RW  Size (RW Data + ZI Data)              1196 (   1.17kB)
    Total ROM Size (Code + RO Data + RW Data)      10920 (  10.66kB)

==============================================================================

